Archive member included to satisfy reference by file (symbol)

.\CortexM3\ARM_GCC_541\Debug\erikaReactionGame.a(CyLib.o)
                              .\CortexM3\ARM_GCC_541\Debug\Cm3Start.o (CyHalt)
.\CortexM3\ARM_GCC_541\Debug\erikaReactionGame.a(cyPm.o)
                              .\CortexM3\ARM_GCC_541\Debug\erikaReactionGame.a(CyLib.o) (CyPmReadStatus)
.\CortexM3\ARM_GCC_541\Debug\erikaReactionGame.a(ErikaOS_1_ee_activate.o)
                              .\CortexM3\ARM_GCC_541\Debug\main.o (EE_oo_ActivateTask)
.\CortexM3\ARM_GCC_541\Debug\erikaReactionGame.a(ErikaOS_1_ee_alcancel.o)
                              .\CortexM3\ARM_GCC_541\Debug\control.o (EE_oo_CancelAlarm)
.\CortexM3\ARM_GCC_541\Debug\erikaReactionGame.a(ErikaOS_1_ee_alsetrel.o)
                              .\CortexM3\ARM_GCC_541\Debug\main.o (EE_oo_SetRelAlarm)
.\CortexM3\ARM_GCC_541\Debug\erikaReactionGame.a(ErikaOS_1_ee_altick.o)
                              .\CortexM3\ARM_GCC_541\Debug\erikaReactionGame.a(ErikaOS_1_ee_alsetrel.o) (EE_oo_counter_object_insert)
.\CortexM3\ARM_GCC_541\Debug\erikaReactionGame.a(ErikaOS_1_ee_evclear.o)
                              .\CortexM3\ARM_GCC_541\Debug\main.o (EE_oo_ClearEvent)
.\CortexM3\ARM_GCC_541\Debug\erikaReactionGame.a(ErikaOS_1_ee_evget.o)
                              .\CortexM3\ARM_GCC_541\Debug\main.o (EE_oo_GetEvent)
.\CortexM3\ARM_GCC_541\Debug\erikaReactionGame.a(ErikaOS_1_ee_evset.o)
                              .\CortexM3\ARM_GCC_541\Debug\main.o (EE_oo_SetEvent)
.\CortexM3\ARM_GCC_541\Debug\erikaReactionGame.a(ErikaOS_1_ee_evwait.o)
                              .\CortexM3\ARM_GCC_541\Debug\main.o (EE_oo_WaitEvent)
.\CortexM3\ARM_GCC_541\Debug\erikaReactionGame.a(ErikaOS_1_ee_irqendin.o)
                              .\CortexM3\ARM_GCC_541\Debug\game.o (EE_IRQ_end_post_stub)
.\CortexM3\ARM_GCC_541\Debug\erikaReactionGame.a(ErikaOS_1_ee_lookup.o)
                              .\CortexM3\ARM_GCC_541\Debug\erikaReactionGame.a(ErikaOS_1_ee_irqendin.o) (EE_oo_IRQ_disable_count)
.\CortexM3\ARM_GCC_541\Debug\erikaReactionGame.a(ErikaOS_1_ee_rq_exchg.o)
                              .\CortexM3\ARM_GCC_541\Debug\erikaReactionGame.a(ErikaOS_1_ee_activate.o) (EE_rq2stk_exchange)
.\CortexM3\ARM_GCC_541\Debug\erikaReactionGame.a(ErikaOS_1_ee_rq_first.o)
                              .\CortexM3\ARM_GCC_541\Debug\erikaReactionGame.a(ErikaOS_1_ee_activate.o) (EE_rq_queryfirst)
.\CortexM3\ARM_GCC_541\Debug\erikaReactionGame.a(ErikaOS_1_ee_rq_inser.o)
                              .\CortexM3\ARM_GCC_541\Debug\erikaReactionGame.a(ErikaOS_1_ee_activate.o) (EE_rq_insert)
.\CortexM3\ARM_GCC_541\Debug\erikaReactionGame.a(ErikaOS_1_ee_startos.o)
                              .\CortexM3\ARM_GCC_541\Debug\main.o (EE_oo_StartOS)
.\CortexM3\ARM_GCC_541\Debug\erikaReactionGame.a(ErikaOS_1_ee_terminat.o)
                              .\CortexM3\ARM_GCC_541\Debug\main.o (EE_oo_TerminateTask)
.\CortexM3\ARM_GCC_541\Debug\erikaReactionGame.a(ErikaOS_1_cortex_mx_ee_utils.o)
                              .\CortexM3\ARM_GCC_541\Debug\main.o (EE_system_init)
.\CortexM3\ARM_GCC_541\Debug\erikaReactionGame.a(ErikaOS_1_common_ee_hal_structs.o)
                              .\CortexM3\ARM_GCC_541\Debug\erikaReactionGame.a(ErikaOS_1_ee_irqendin.o) (EE_std_endcycle_next_tid)
.\CortexM3\ARM_GCC_541\Debug\erikaReactionGame.a(ErikaOS_1_eecfg.o)
                              .\CortexM3\ARM_GCC_541\Debug\erikaReactionGame.a(ErikaOS_1_ee_startos.o) (EE_oo_autostart_task_data)
.\CortexM3\ARM_GCC_541\Debug\erikaReactionGame.a(Button_1.o)
                              .\CortexM3\ARM_GCC_541\Debug\main.o (Button_1_Read)
.\CortexM3\ARM_GCC_541\Debug\erikaReactionGame.a(Button_2.o)
                              .\CortexM3\ARM_GCC_541\Debug\main.o (Button_2_Read)
.\CortexM3\ARM_GCC_541\Debug\erikaReactionGame.a(isr_button.o)
                              .\CortexM3\ARM_GCC_541\Debug\game.o (isr_button_StartEx)
.\CortexM3\ARM_GCC_541\Debug\erikaReactionGame.a(UART_LOG.o)
                              .\CortexM3\ARM_GCC_541\Debug\game.o (UART_LOG_Start)
.\CortexM3\ARM_GCC_541\Debug\erikaReactionGame.a(UART_LOG_IntClock.o)
                              .\CortexM3\ARM_GCC_541\Debug\erikaReactionGame.a(UART_LOG.o) (UART_LOG_IntClock_Start)
.\CortexM3\ARM_GCC_541\Debug\erikaReactionGame.a(Pin_A.o)
                              .\CortexM3\ARM_GCC_541\Debug\sevenSegment.o (Pin_A_Write)
.\CortexM3\ARM_GCC_541\Debug\erikaReactionGame.a(Pin_B.o)
                              .\CortexM3\ARM_GCC_541\Debug\sevenSegment.o (Pin_B_Write)
.\CortexM3\ARM_GCC_541\Debug\erikaReactionGame.a(Pin_C.o)
                              .\CortexM3\ARM_GCC_541\Debug\sevenSegment.o (Pin_C_Write)
.\CortexM3\ARM_GCC_541\Debug\erikaReactionGame.a(Pin_D.o)
                              .\CortexM3\ARM_GCC_541\Debug\sevenSegment.o (Pin_D_Write)
.\CortexM3\ARM_GCC_541\Debug\erikaReactionGame.a(Pin_E.o)
[...]
Memory Configuration

Name             Origin             Length             Attributes
rom              0x00000000         0x00040000         xr
ram              0x1fff8000         0x00010000         xrw
*default*        0x00000000         0xffffffff

Linker script and memory map

LOAD c:/program files (x86)/cypress/psoc creator/4.4/psoc creator/import/gnu/arm/5.4.1/bin/../lib/gcc/arm-none-eabi/5.4.1/armv7-m/crti.o
LOAD c:/program files (x86)/cypress/psoc creator/4.4/psoc creator/import/gnu/arm/5.4.1/bin/../lib/gcc/arm-none-eabi/5.4.1/armv7-m/crtbegin.o
LOAD c:/program files (x86)/cypress/psoc creator/4.4/psoc creator/import/gnu/arm/5.4.1/bin/../lib/gcc/arm-none-eabi/5.4.1/../../../../arm-none-eabi/lib/armv7-m/crt0.o
START GROUP
LOAD .\CortexM3\ARM_GCC_541\Debug\main.o
LOAD .\CortexM3\ARM_GCC_541\Debug\control.o
LOAD .\CortexM3\ARM_GCC_541\Debug\buttons.o
LOAD .\CortexM3\ARM_GCC_541\Debug\game.o
LOAD .\CortexM3\ARM_GCC_541\Debug\sevenSegment.o
LOAD .\CortexM3\ARM_GCC_541\Debug\led.o
LOAD .\CortexM3\ARM_GCC_541\Debug\cyfitter_cfg.o
LOAD .\CortexM3\ARM_GCC_541\Debug\cymetadata.o
LOAD .\CortexM3\ARM_GCC_541\Debug\Cm3Start.o
LOAD .\CortexM3\ARM_GCC_541\Debug\erikaReactionGame.a
LOAD C:\Program Files (x86)\Cypress\PSoC Creator\4.4\PSoC Creator\psoc\content\cycomponentlibrary\CyComponentLibrary.cylib\CortexM3\ARM_GCC_541\Debug\CyComponentLibrary.a
END GROUP
START GROUP
LOAD c:/program files (x86)/cypress/psoc creator/4.4/psoc creator/import/gnu/arm/5.4.1/bin/../lib/gcc/arm-none-eabi/5.4.1/armv7-m\libgcc.a
LOAD c:/program files (x86)/cypress/psoc creator/4.4/psoc creator/import/gnu/arm/5.4.1/bin/../lib/gcc/arm-none-eabi/5.4.1/../../../../arm-none-eabi/lib/armv7-m\libg_nano.a
LOAD c:/program files (x86)/cypress/psoc creator/4.4/psoc creator/import/gnu/arm/5.4.1/bin/../lib/gcc/arm-none-eabi/5.4.1/../../../../arm-none-eabi/lib/armv7-m\libc_nano.a
END GROUP
START GROUP
LOAD c:/program files (x86)/cypress/psoc creator/4.4/psoc creator/import/gnu/arm/5.4.1/bin/../lib/gcc/arm-none-eabi/5.4.1/armv7-m\libgcc.a
LOAD c:/program files (x86)/cypress/psoc creator/4.4/psoc creator/import/gnu/arm/5.4.1/bin/../lib/gcc/arm-none-eabi/5.4.1/../../../../arm-none-eabi/lib/armv7-m\libc_nano.a
END GROUP
LOAD c:/program files (x86)/cypress/psoc creator/4.4/psoc creator/import/gnu/arm/5.4.1/bin/../lib/gcc/arm-none-eabi/5.4.1/armv7-m/crtend.o
LOAD c:/program files (x86)/cypress/psoc creator/4.4/psoc creator/import/gnu/arm/5.4.1/bin/../lib/gcc/arm-none-eabi/5.4.1/armv7-m/crtn.o
START GROUP
LOAD c:/program files (x86)/cypress/psoc creator/4.4/psoc creator/import/gnu/arm/5.4.1/bin/../lib/gcc/arm-none-eabi/5.4.1/armv7-m\libgcc.a
LOAD c:/program files (x86)/cypress/psoc creator/4.4/psoc creator/import/gnu/arm/5.4.1/bin/../lib/gcc/arm-none-eabi/5.4.1/../../../../arm-none-eabi/lib/armv7-m\libc.a
LOAD c:/program files (x86)/cypress/psoc creator/4.4/psoc creator/import/gnu/arm/5.4.1/bin/../lib/gcc/arm-none-eabi/5.4.1/../../../../arm-none-eabi/lib/armv7-m\libnosys.a
END GROUP
                0x00000000                CY_APPL_ORIGIN = 0x0
                0x00000100                CY_FLASH_ROW_SIZE = 0x100
                0x00000020                CY_ECC_ROW_SIZE = 0x20
                0x00000000                CY_EE_IN_BTLDR = 0x0
                0x00000000                CY_APPL_LOADABLE = 0x0
                0x00000800                CY_EE_SIZE = 0x800
                0x00000001                CY_APPL_NUM = 0x1
                0x00000001                CY_APPL_MAX = 0x1
                0x00000040                CY_METADATA_SIZE = 0x40
                0x00000000                CY_APPL_LOADABLE = 0x0
                0x00000000                CY_CHECKSUM_EXCLUDE_SIZE = ALIGN (0x0, CY_FLASH_ROW_SIZE)
                [!provide]                PROVIDE (__cy_heap_start, _end)
                0x00000001                PROVIDE (__cy_region_num, ((__cy_regions_end - __cy_regions) / 0x10))
                0x20008000                PROVIDE (__cy_stack, (ORIGIN (ram) + LENGTH (ram)))
                [!provide]                PROVIDE (__cy_heap_end, (__cy_stack - 0x800))

.cybootloader   0x00000000        0x0
 *(.cybootloader)
                0x00000000                appl1_start = CY_APPL_ORIGIN?CY_APPL_ORIGIN:ALIGN (CY_FLASH_ROW_SIZE)
                0x0001ff00                appl2_start = (appl1_start + ALIGN ((((LENGTH (rom) - appl1_start) - (0x2 * CY_FLASH_ROW_SIZE)) / 0x2), CY_FLASH_ROW_SIZE))
                0x00000000                appl_start = (CY_APPL_NUM == 0x1)?appl1_start:appl2_start
                0x00000000                ecc_offset = ((appl_start / CY_FLASH_ROW_SIZE) * CY_ECC_ROW_SIZE)
                0x00000000                ee_offset = (CY_APPL_LOADABLE && ! (CY_EE_IN_BTLDR))?((CY_EE_SIZE / CY_APPL_MAX) * (CY_APPL_NUM - 0x1)):0x0
                0x00000800                ee_size = (CY_APPL_LOADABLE && ! (CY_EE_IN_BTLDR))?(CY_EE_SIZE / CY_APPL_MAX):CY_EE_SIZE
                [!provide]                PROVIDE (CY_ECC_OFFSET, ecc_offset)

.text           0x00000000     0x3418
 CREATE_OBJECT_SYMBOLS
                0x00000000                PROVIDE (__cy_interrupt_vector, RomVectors)
 *(.romvectors)
 .romvectors    0x00000000       0x10 .\CortexM3\ARM_GCC_541\Debug\Cm3Start.o
                0x00000000                RomVectors
                0x00000001                ASSERT ((. != __cy_interrupt_vector), No interrupt vector)
                0x00000001                ASSERT (CY_APPL_ORIGIN?(SIZEOF (.cybootloader) <= CY_APPL_ORIGIN):0x1, Wrong image location)
                0x00000010                PROVIDE (__cy_reset, Reset)
 *(.text.Reset)
 .text.Reset    0x00000010       0x18 .\CortexM3\ARM_GCC_541\Debug\Cm3Start.o
                0x00000010                Reset
                0x00000001                ASSERT ((. != __cy_reset), No reset code)
 *(.dma_init)
                0x00000001                ASSERT ((((appl_start + .) <= 0x10000) || 0x1), DMA Init must be within the first 64k of flash)
 *(.text .text.* .gnu.linkonce.t.*)
 .text          0x00000028       0x5c c:/program files (x86)/cypress/psoc creator/4.4/psoc creator/import/gnu/arm/5.4.1/bin/../lib/gcc/arm-none-eabi/5.4.1/armv7-m/crtbegin.o
 .text.main     0x00000084       0x10 .\CortexM3\ARM_GCC_541\Debug\main.o
                0x00000084                main
 .text.Functsk_init
                0x00000094       0x6c .\CortexM3\ARM_GCC_541\Debug\main.o
                0x00000094                Functsk_init
 .text.Functsk_background
                0x00000100        0x4 .\CortexM3\ARM_GCC_541\Debug\main.o
                0x00000100                Functsk_background
 .text.Functsk_control
                0x00000104       0x50 .\CortexM3\ARM_GCC_541\Debug\main.o
                0x00000104                Functsk_control
 .text.Functsk_timer
                0x00000154       0x14 .\CortexM3\ARM_GCC_541\Debug\main.o
                0x00000154                Functsk_timer
 .text.Functsk_timeDelay
                0x00000168        0xc .\CortexM3\ARM_GCC_541\Debug\main.o
                0x00000168                Functsk_timeDelay
 .text.isr_button
                0x00000174       0x28 .\CortexM3\ARM_GCC_541\Debug\main.o
                0x00000174                isr_button
 .text.Functsk_fader
                0x0000019c        0xc .\CortexM3\ARM_GCC_541\Debug\main.o
                0x0000019c                Functsk_fader
 .text.Functsk_glower
                0x000001a8       0x1c .\CortexM3\ARM_GCC_541\Debug\main.o
                0x000001a8                Functsk_glower
 .text.randomTimeGenerate
                0x000001c4       0x2c .\CortexM3\ARM_GCC_541\Debug\control.o
                0x000001c4                randomTimeGenerate
 .text.randomNumGenerate
                0x000001f0       0x78 .\CortexM3\ARM_GCC_541\Debug\control.o
                0x000001f0                randomNumGenerate
 .text.validateBtnPress1
                0x00000268      0x298 .\CortexM3\ARM_GCC_541\Debug\control.o
                0x00000268                validateBtnPress1
 .text.CTRL_processEvent1
                0x00000500      0x130 .\CortexM3\ARM_GCC_541\Debug\control.o
                0x00000500                CTRL_processEvent1
 .text.SysTick_Handler
                0x00000630       0x10 .\CortexM3\ARM_GCC_541\Debug\game.o
                0x00000630                SysTick_Handler
 .text.ISR2_systick_handler
                0x00000640        0xc .\CortexM3\ARM_GCC_541\Debug\game.o
                0x00000640                ISR2_systick_handler
 .text.systick_handler
                0x0000064c       0x98 .\CortexM3\ARM_GCC_541\Debug\game.o
                0x0000064c                systick_handler
 .text.gameInit
                0x000006e4       0x9c .\CortexM3\ARM_GCC_541\Debug\game.o
                0x000006e4                gameInit
 .text.sevenSegmentDisplay
                0x00000780       0x48 .\CortexM3\ARM_GCC_541\Debug\sevenSegment.o
                0x00000780                sevenSegmentDisplay
 .text.sevenSegmentInit
                0x000007c8       0x20 .\CortexM3\ARM_GCC_541\Debug\sevenSegment.o
                0x000007c8                sevenSegmentInit
 .text.LED_set  0x000007e8       0x3c .\CortexM3\ARM_GCC_541\Debug\led.o
                0x000007e8                LED_set
 .text.LED_init
                0x00000824       0x18 .\CortexM3\ARM_GCC_541\Debug\led.o
                0x00000824                LED_init
 .text.LED_fadeEffect
                0x0000083c       0x8c .\CortexM3\ARM_GCC_541\Debug\led.o
                0x0000083c                LED_fadeEffect
 .text.playGlowSequence
                0x000008c8       0x34 .\CortexM3\ARM_GCC_541\Debug\led.o
                0x000008c8                playGlowSequence
 .text.stopFaderGlower
                0x000008fc       0x40 .\CortexM3\ARM_GCC_541\Debug\led.o
                0x000008fc                stopFaderGlower
 .text.CyClockStartupError
                0x0000093c        0x4 .\CortexM3\ARM_GCC_541\Debug\cyfitter_cfg.o
 .text.cfg_write_bytes32
                0x00000940       0x34 .\CortexM3\ARM_GCC_541\Debug\cyfitter_cfg.o
 .text.AnalogSetDefault
                0x00000974       0x28 .\CortexM3\ARM_GCC_541\Debug\cyfitter_cfg.o
 .text.CYMEMZERO
                0x0000099c        0xc .\CortexM3\ARM_GCC_541\Debug\cyfitter_cfg.o
 .text.ClockSetup
                0x000009a8       0xcc .\CortexM3\ARM_GCC_541\Debug\cyfitter_cfg.o
 .text.CYCONFIGCPY
                0x00000a74        0x8 .\CortexM3\ARM_GCC_541\Debug\cyfitter_cfg.o
 .text.cyfitter_cfg
                0x00000a7c      0x124 .\CortexM3\ARM_GCC_541\Debug\cyfitter_cfg.o
                0x00000a7c                cyfitter_cfg
 .text.IntDefaultHandler
                0x00000ba0       0x10 .\CortexM3\ARM_GCC_541\Debug\Cm3Start.o
                0x00000ba0                IntDefaultHandler
 .text._sbrk    0x00000bb0       0x30 .\CortexM3\ARM_GCC_541\Debug\Cm3Start.o
                0x00000bb0                _sbrk
 .text.Start_c  0x00000be0       0x4c .\CortexM3\ARM_GCC_541\Debug\Cm3Start.o
                0x00000be0                Start_c
 .text.initialize_psoc
                0x00000c2c       0x68 .\CortexM3\ARM_GCC_541\Debug\Cm3Start.o
                0x00000c2c                initialize_psoc
 .text.CyHalt   0x00000c94        0x4 .\CortexM3\ARM_GCC_541\Debug\erikaReactionGame.a(CyLib.o)
                0x00000c94                CyHalt
 .text.CyDelay  0x00000c98       0x2c .\CortexM3\ARM_GCC_541\Debug\erikaReactionGame.a(CyLib.o)
                0x00000c98                CyDelay
 .text.CyIntSetSysVector
                0x00000cc4       0x28 .\CortexM3\ARM_GCC_541\Debug\erikaReactionGame.a(CyLib.o)
                0x00000cc4                CyIntSetSysVector
 .text.CyIntSetPriority
                0x00000cec       0x30 .\CortexM3\ARM_GCC_541\Debug\erikaReactionGame.a(CyLib.o)
                0x00000cec                CyIntSetPriority
 .text.CySysTickEnableInterrupt
                0x00000d1c       0x10 .\CortexM3\ARM_GCC_541\Debug\erikaReactionGame.a(CyLib.o)
                0x00000d1c                CySysTickEnableInterrupt
 .text.CySysTickEnable
                0x00000d2c       0x18 .\CortexM3\ARM_GCC_541\Debug\erikaReactionGame.a(CyLib.o)
                0x00000d2c                CySysTickEnable
 .text.CySysTickSetReload
                0x00000d44       0x10 .\CortexM3\ARM_GCC_541\Debug\erikaReactionGame.a(CyLib.o)
                0x00000d44                CySysTickSetReload
 .text.CySysTickSetClockSource
                0x00000d54       0x20 .\CortexM3\ARM_GCC_541\Debug\erikaReactionGame.a(CyLib.o)
                0x00000d54                CySysTickSetClockSource
 .text.CySysTickGetCountFlag
                0x00000d74       0x10 .\CortexM3\ARM_GCC_541\Debug\erikaReactionGame.a(CyLib.o)
                0x00000d74                CySysTickGetCountFlag
 .text.CySysTickServiceCallbacks
                0x00000d84       0x28 .\CortexM3\ARM_GCC_541\Debug\erikaReactionGame.a(CyLib.o)
 .text.CySysTickClear
                0x00000dac        0xc .\CortexM3\ARM_GCC_541\Debug\erikaReactionGame.a(CyLib.o)
                0x00000dac                CySysTickClear
 .text.CySysTickInit
                0x00000db8       0x58 .\CortexM3\ARM_GCC_541\Debug\erikaReactionGame.a(CyLib.o)
                0x00000db8                CySysTickInit
 .text.CySysTickSetCallback
                0x00000e10       0x10 .\CortexM3\ARM_GCC_541\Debug\erikaReactionGame.a(CyLib.o)
                0x00000e10                CySysTickSetCallback
 .text.EE_oo_ActivateTask
                0x00000e20       0xe8 .\CortexM3\ARM_GCC_541\Debug\erikaReactionGame.a(ErikaOS_1_ee_activate.o)
                0x00000e20                EE_oo_ActivateTask
 .text.EE_oo_CancelAlarm
                0x00000f08       0xa4 .\CortexM3\ARM_GCC_541\Debug\erikaReactionGame.a(ErikaOS_1_ee_alcancel.o)
                0x00000f08                EE_oo_CancelAlarm
 .text.EE_oo_SetRelAlarm
                0x00000fac       0x80 .\CortexM3\ARM_GCC_541\Debug\erikaReactionGame.a(ErikaOS_1_ee_alsetrel.o)
                0x00000fac                EE_oo_SetRelAlarm
 .text.EE_oo_handle_action_callback
                0x0000102c        0xc .\CortexM3\ARM_GCC_541\Debug\erikaReactionGame.a(ErikaOS_1_ee_altick.o)
 .text.EE_oo_handle_action_task
                0x00001038       0x4c .\CortexM3\ARM_GCC_541\Debug\erikaReactionGame.a(ErikaOS_1_ee_altick.o)
 .text.EE_oo_handle_action_event
                0x00001084       0x60 .\CortexM3\ARM_GCC_541\Debug\erikaReactionGame.a(ErikaOS_1_ee_altick.o)
 .text.EE_oo_handle_action
                0x000010e4       0x28 .\CortexM3\ARM_GCC_541\Debug\erikaReactionGame.a(ErikaOS_1_ee_altick.o)
 .text.EE_oo_counter_object_insert
                0x0000110c       0x9c .\CortexM3\ARM_GCC_541\Debug\erikaReactionGame.a(ErikaOS_1_ee_altick.o)
                0x0000110c                EE_oo_counter_object_insert
 .text.EE_oo_IncrementCounterImplementation
                0x000011a8      0x100 .\CortexM3\ARM_GCC_541\Debug\erikaReactionGame.a(ErikaOS_1_ee_altick.o)
                0x000011a8                EE_oo_IncrementCounterImplementation
 .text.EE_oo_IncrementCounter
                0x000012a8       0xb0 .\CortexM3\ARM_GCC_541\Debug\erikaReactionGame.a(ErikaOS_1_ee_altick.o)
                0x000012a8                EE_oo_IncrementCounter
 .text.EE_oo_ClearEvent
                0x00001358       0x5c .\CortexM3\ARM_GCC_541\Debug\erikaReactionGame.a(ErikaOS_1_ee_evclear.o)
                0x00001358                EE_oo_ClearEvent
 .text.EE_oo_GetEvent
                0x000013b4       0x40 .\CortexM3\ARM_GCC_541\Debug\erikaReactionGame.a(ErikaOS_1_ee_evget.o)
                0x000013b4                EE_oo_GetEvent
 .text.EE_oo_SetEvent
                0x000013f4      0x100 .\CortexM3\ARM_GCC_541\Debug\erikaReactionGame.a(ErikaOS_1_ee_evset.o)
                0x000013f4                EE_oo_SetEvent
 .text.EE_oo_WaitEvent
                0x000014f4      0x110 .\CortexM3\ARM_GCC_541\Debug\erikaReactionGame.a(ErikaOS_1_ee_evwait.o)
                0x000014f4                EE_oo_WaitEvent
 .text.EE_IRQ_run_next_task
                0x00001604       0x30 .\CortexM3\ARM_GCC_541\Debug\erikaReactionGame.a(ErikaOS_1_ee_irqendin.o)
 .text.EE_IRQ_end_instance
                0x00001634       0x68 .\CortexM3\ARM_GCC_541\Debug\erikaReactionGame.a(ErikaOS_1_ee_irqendin.o)
                0x00001634                EE_IRQ_end_instance
 .text.EE_IRQ_end_post_stub
                0x0000169c       0x14 .\CortexM3\ARM_GCC_541\Debug\erikaReactionGame.a(ErikaOS_1_ee_irqendin.o)
                0x0000169c                EE_IRQ_end_post_stub
 .text.EE_rq2stk_exchange
                0x000016b0       0x88 .\CortexM3\ARM_GCC_541\Debug\erikaReactionGame.a(ErikaOS_1_ee_rq_exchg.o)
                0x000016b0                EE_rq2stk_exchange
 .text.EE_rq_queryfirst
                0x00001738       0x44 .\CortexM3\ARM_GCC_541\Debug\erikaReactionGame.a(ErikaOS_1_ee_rq_first.o)
                0x00001738                EE_rq_queryfirst
 .text.EE_rq_insert
                0x0000177c       0x74 .\CortexM3\ARM_GCC_541\Debug\erikaReactionGame.a(ErikaOS_1_ee_rq_inser.o)
                0x0000177c                EE_rq_insert
 .text.compute_task_tid
                0x000017f0       0x10 .\CortexM3\ARM_GCC_541\Debug\erikaReactionGame.a(ErikaOS_1_ee_startos.o)
 .text.EE_oo_start_os
                0x00001800        0xc .\CortexM3\ARM_GCC_541\Debug\erikaReactionGame.a(ErikaOS_1_ee_startos.o)
 .text.EE_oo_autostart_tasks
                0x0000180c       0x60 .\CortexM3\ARM_GCC_541\Debug\erikaReactionGame.a(ErikaOS_1_ee_startos.o)
 .text.EE_oo_autostart_os
                0x0000186c        0xc .\CortexM3\ARM_GCC_541\Debug\erikaReactionGame.a(ErikaOS_1_ee_startos.o)
 .text.EE_oo_StartOS
                0x00001878       0x8c .\CortexM3\ARM_GCC_541\Debug\erikaReactionGame.a(ErikaOS_1_ee_startos.o)
                0x00001878                EE_oo_StartOS
 .text.EE_oo_TerminateTask
                0x00001904       0x3c .\CortexM3\ARM_GCC_541\Debug\erikaReactionGame.a(ErikaOS_1_ee_terminat.o)
                0x00001904                EE_oo_TerminateTask
 .text.EE_system_init
                0x00001940       0x48 .\CortexM3\ARM_GCC_541\Debug\erikaReactionGame.a(ErikaOS_1_cortex_mx_ee_utils.o)
                0x00001940                EE_system_init
 .text.Button_1_Read
                0x00001988       0x10 .\CortexM3\ARM_GCC_541\Debug\erikaReactionGame.a(Button_1.o)
                0x00001988                Button_1_Read
 .text.Button_2_Read
                0x00001998       0x10 .\CortexM3\ARM_GCC_541\Debug\erikaReactionGame.a(Button_2.o)
                0x00001998                Button_2_Read
 .text.isr_button_SetVector
                0x000019a8        0xc .\CortexM3\ARM_GCC_541\Debug\erikaReactionGame.a(isr_button.o)
                0x000019a8                isr_button_SetVector
 .text.isr_button_SetPriority
                0x000019b4       0x10 .\CortexM3\ARM_GCC_541\Debug\erikaReactionGame.a(isr_button.o)
                0x000019b4                isr_button_SetPriority
 .text.isr_button_Enable
                0x000019c4        0xc .\CortexM3\ARM_GCC_541\Debug\erikaReactionGame.a(isr_button.o)
                0x000019c4                isr_button_Enable
 .text.isr_button_Disable
                0x000019d0        0xc .\CortexM3\ARM_GCC_541\Debug\erikaReactionGame.a(isr_button.o)
                0x000019d0                isr_button_Disable
 .text.isr_button_StartEx
                0x000019dc       0x1c .\CortexM3\ARM_GCC_541\Debug\erikaReactionGame.a(isr_button.o)
                0x000019dc                isr_button_StartEx
 .text.UART_LOG_Init
                0x000019f8       0x28 .\CortexM3\ARM_GCC_541\Debug\erikaReactionGame.a(UART_LOG.o)
                0x000019f8                UART_LOG_Init
 .text.UART_LOG_Enable
                0x00001a20       0x3c .\CortexM3\ARM_GCC_541\Debug\erikaReactionGame.a(UART_LOG.o)
                0x00001a20                UART_LOG_Enable
 .text.UART_LOG_Start
                0x00001a5c       0x1c .\CortexM3\ARM_GCC_541\Debug\erikaReactionGame.a(UART_LOG.o)
                0x00001a5c                UART_LOG_Start
 .text.UART_LOG_PutChar
                0x00001a78       0x18 .\CortexM3\ARM_GCC_541\Debug\erikaReactionGame.a(UART_LOG.o)
                0x00001a78                UART_LOG_PutChar
 .text.UART_LOG_PutString
                0x00001a90       0x24 .\CortexM3\ARM_GCC_541\Debug\erikaReactionGame.a(UART_LOG.o)
                0x00001a90                UART_LOG_PutString
 .text.UART_LOG_IntClock_Start
                0x00001ab4       0x1c .\CortexM3\ARM_GCC_541\Debug\erikaReactionGame.a(UART_LOG_IntClock.o)
                0x00001ab4                UART_LOG_IntClock_Start
 .text.Pin_A_Write
                0x00001ad0       0x18 .\CortexM3\ARM_GCC_541\Debug\erikaReactionGame.a(Pin_A.o)
                0x00001ad0                Pin_A_Write
 .text.Pin_B_Write
                0x00001ae8       0x18 .\CortexM3\ARM_GCC_541\Debug\erikaReactionGame.a(Pin_B.o)
                0x00001ae8                Pin_B_Write
 .text.Pin_C_Write
                0x00001b00       0x18 .\CortexM3\ARM_GCC_541\Debug\erikaReactionGame.a(Pin_C.o)
                0x00001b00                Pin_C_Write
 .text.Pin_D_Write
                0x00001b18       0x18 .\CortexM3\ARM_GCC_541\Debug\erikaReactionGame.a(Pin_D.o)
                0x00001b18                Pin_D_Write
 .text.Pin_E_Write
                0x00001b30       0x18 .\CortexM3\ARM_GCC_541\Debug\erikaReactionGame.a(Pin_E.o)
                0x00001b30                Pin_E_Write
 .text.Pin_F_Write
                0x00001b48       0x18 .\CortexM3\ARM_GCC_541\Debug\erikaReactionGame.a(Pin_F.o)
                0x00001b48                Pin_F_Write
 .text.Pin_G_Write
                0x00001b60       0x18 .\CortexM3\ARM_GCC_541\Debug\erikaReactionGame.a(Pin_G.o)
                0x00001b60                Pin_G_Write
 .text.Pin_DP_Write
                0x00001b78       0x18 .\CortexM3\ARM_GCC_541\Debug\erikaReactionGame.a(Pin_DP.o)
                0x00001b78                Pin_DP_Write
 .text.Pin_SelA_Write
                0x00001b90       0x18 .\CortexM3\ARM_GCC_541\Debug\erikaReactionGame.a(Pin_SelA.o)
                0x00001b90                Pin_SelA_Write
 .text.RGB_PWM_Green_Enable
                0x00001ba8       0x10 .\CortexM3\ARM_GCC_541\Debug\erikaReactionGame.a(RGB_PWM_Green.o)
                0x00001ba8                RGB_PWM_Green_Enable
 .text.RGB_PWM_Green_Stop
                0x00001bb8       0x10 .\CortexM3\ARM_GCC_541\Debug\erikaReactionGame.a(RGB_PWM_Green.o)
                0x00001bb8                RGB_PWM_Green_Stop
 .text.RGB_PWM_Green_WriteCounter
                0x00001bc8        0xc .\CortexM3\ARM_GCC_541\Debug\erikaReactionGame.a(RGB_PWM_Green.o)
                0x00001bc8                RGB_PWM_Green_WriteCounter
 .text.RGB_PWM_Green_WritePeriod
                0x00001bd4        0xc .\CortexM3\ARM_GCC_541\Debug\erikaReactionGame.a(RGB_PWM_Green.o)
                0x00001bd4                RGB_PWM_Green_WritePeriod
 .text.RGB_PWM_Green_WriteCompare
                0x00001be0        0xc .\CortexM3\ARM_GCC_541\Debug\erikaReactionGame.a(RGB_PWM_Green.o)
                0x00001be0                RGB_PWM_Green_WriteCompare
 .text.RGB_PWM_Green_SetInterruptMode
                0x00001bec        0xc .\CortexM3\ARM_GCC_541\Debug\erikaReactionGame.a(RGB_PWM_Green.o)
                0x00001bec                RGB_PWM_Green_SetInterruptMode
 .text.RGB_PWM_Green_ReadStatusRegister
                0x00001bf8        0xc .\CortexM3\ARM_GCC_541\Debug\erikaReactionGame.a(RGB_PWM_Green.o)
                0x00001bf8                RGB_PWM_Green_ReadStatusRegister
 .text.RGB_PWM_Green_ReadCapture
                0x00001c04        0xc .\CortexM3\ARM_GCC_541\Debug\erikaReactionGame.a(RGB_PWM_Green.o)
                0x00001c04                RGB_PWM_Green_ReadCapture
 .text.RGB_PWM_Green_ClearFIFO
                0x00001c10       0x14 .\CortexM3\ARM_GCC_541\Debug\erikaReactionGame.a(RGB_PWM_Green.o)
                0x00001c10                RGB_PWM_Green_ClearFIFO
 .text.RGB_PWM_Green_Init
                0x00001c24       0x5c .\CortexM3\ARM_GCC_541\Debug\erikaReactionGame.a(RGB_PWM_Green.o)
                0x00001c24                RGB_PWM_Green_Init
 .text.RGB_PWM_Green_Start
                0x00001c80       0x1c .\CortexM3\ARM_GCC_541\Debug\erikaReactionGame.a(RGB_PWM_Green.o)
                0x00001c80                RGB_PWM_Green_Start
 .text.RGB_PWM_Yellow_1_Enable
                0x00001c9c       0x10 .\CortexM3\ARM_GCC_541\Debug\erikaReactionGame.a(RGB_PWM_Yellow_1.o)
                0x00001c9c                RGB_PWM_Yellow_1_Enable
 .text.RGB_PWM_Yellow_1_Stop
                0x00001cac       0x10 .\CortexM3\ARM_GCC_541\Debug\erikaReactionGame.a(RGB_PWM_Yellow_1.o)
                0x00001cac                RGB_PWM_Yellow_1_Stop
 .text.RGB_PWM_Yellow_1_WriteCounter
                0x00001cbc        0xc .\CortexM3\ARM_GCC_541\Debug\erikaReactionGame.a(RGB_PWM_Yellow_1.o)
                0x00001cbc                RGB_PWM_Yellow_1_WriteCounter
 .text.RGB_PWM_Yellow_1_WritePeriod
                0x00001cc8        0xc .\CortexM3\ARM_GCC_541\Debug\erikaReactionGame.a(RGB_PWM_Yellow_1.o)
                0x00001cc8                RGB_PWM_Yellow_1_WritePeriod
 .text.RGB_PWM_Yellow_1_WriteCompare
                0x00001cd4        0xc .\CortexM3\ARM_GCC_541\Debug\erikaReactionGame.a(RGB_PWM_Yellow_1.o)
                0x00001cd4                RGB_PWM_Yellow_1_WriteCompare
 .text.RGB_PWM_Yellow_1_SetInterruptMode
                0x00001ce0        0xc .\CortexM3\ARM_GCC_541\Debug\erikaReactionGame.a(RGB_PWM_Yellow_1.o)
                0x00001ce0                RGB_PWM_Yellow_1_SetInterruptMode
 .text.RGB_PWM_Yellow_1_ReadStatusRegister
                0x00001cec        0xc .\CortexM3\ARM_GCC_541\Debug\erikaReactionGame.a(RGB_PWM_Yellow_1.o)
                0x00001cec                RGB_PWM_Yellow_1_ReadStatusRegister
 .text.RGB_PWM_Yellow_1_ReadCapture
                0x00001cf8        0xc .\CortexM3\ARM_GCC_541\Debug\erikaReactionGame.a(RGB_PWM_Yellow_1.o)
                0x00001cf8                RGB_PWM_Yellow_1_ReadCapture
 .text.RGB_PWM_Yellow_1_ClearFIFO
                0x00001d04       0x14 .\CortexM3\ARM_GCC_541\Debug\erikaReactionGame.a(RGB_PWM_Yellow_1.o)
                0x00001d04                RGB_PWM_Yellow_1_ClearFIFO
 .text.RGB_PWM_Yellow_1_Init
                0x00001d18       0x5c .\CortexM3\ARM_GCC_541\Debug\erikaReactionGame.a(RGB_PWM_Yellow_1.o)
                0x00001d18                RGB_PWM_Yellow_1_Init
 .text.RGB_PWM_Yellow_1_Start
                0x00001d74       0x1c .\CortexM3\ARM_GCC_541\Debug\erikaReactionGame.a(RGB_PWM_Yellow_1.o)
                0x00001d74                RGB_PWM_Yellow_1_Start
 .text.RGB_PWM_Red_1_Enable
                0x00001d90       0x10 .\CortexM3\ARM_GCC_541\Debug\erikaReactionGame.a(RGB_PWM_Red_1.o)
                0x00001d90                RGB_PWM_Red_1_Enable
 .text.RGB_PWM_Red_1_Stop
                0x00001da0       0x10 .\CortexM3\ARM_GCC_541\Debug\erikaReactionGame.a(RGB_PWM_Red_1.o)
                0x00001da0                RGB_PWM_Red_1_Stop
 .text.RGB_PWM_Red_1_WriteCounter
                0x00001db0        0xc .\CortexM3\ARM_GCC_541\Debug\erikaReactionGame.a(RGB_PWM_Red_1.o)
                0x00001db0                RGB_PWM_Red_1_WriteCounter
 .text.RGB_PWM_Red_1_WritePeriod
                0x00001dbc        0xc .\CortexM3\ARM_GCC_541\Debug\erikaReactionGame.a(RGB_PWM_Red_1.o)
                0x00001dbc                RGB_PWM_Red_1_WritePeriod
 .text.RGB_PWM_Red_1_WriteCompare
                0x00001dc8        0xc .\CortexM3\ARM_GCC_541\Debug\erikaReactionGame.a(RGB_PWM_Red_1.o)
                0x00001dc8                RGB_PWM_Red_1_WriteCompare
 .text.RGB_PWM_Red_1_SetInterruptMode
                0x00001dd4        0xc .\CortexM3\ARM_GCC_541\Debug\erikaReactionGame.a(RGB_PWM_Red_1.o)
                0x00001dd4                RGB_PWM_Red_1_SetInterruptMode
 .text.RGB_PWM_Red_1_ReadStatusRegister
                0x00001de0        0xc .\CortexM3\ARM_GCC_541\Debug\erikaReactionGame.a(RGB_PWM_Red_1.o)
                0x00001de0                RGB_PWM_Red_1_ReadStatusRegister
 .text.RGB_PWM_Red_1_ReadCapture
                0x00001dec        0xc .\CortexM3\ARM_GCC_541\Debug\erikaReactionGame.a(RGB_PWM_Red_1.o)
                0x00001dec                RGB_PWM_Red_1_ReadCapture
 .text.RGB_PWM_Red_1_ClearFIFO
                0x00001df8       0x14 .\CortexM3\ARM_GCC_541\Debug\erikaReactionGame.a(RGB_PWM_Red_1.o)
                0x00001df8                RGB_PWM_Red_1_ClearFIFO
 .text.RGB_PWM_Red_1_Init
                0x00001e0c       0x5c .\CortexM3\ARM_GCC_541\Debug\erikaReactionGame.a(RGB_PWM_Red_1.o)
                0x00001e0c                RGB_PWM_Red_1_Init
 .text.RGB_PWM_Red_1_Start
                0x00001e68       0x1c .\CortexM3\ARM_GCC_541\Debug\erikaReactionGame.a(RGB_PWM_Red_1.o)
                0x00001e68                RGB_PWM_Red_1_Start
 .text.RGB_PWM_Green_1_Enable
                0x00001e84       0x10 .\CortexM3\ARM_GCC_541\Debug\erikaReactionGame.a(RGB_PWM_Green_1.o)
                0x00001e84                RGB_PWM_Green_1_Enable
 .text.RGB_PWM_Green_1_Stop
                0x00001e94       0x10 .\CortexM3\ARM_GCC_541\Debug\erikaReactionGame.a(RGB_PWM_Green_1.o)
                0x00001e94                RGB_PWM_Green_1_Stop
 .text.RGB_PWM_Green_1_WriteCounter
                0x00001ea4        0xc .\CortexM3\ARM_GCC_541\Debug\erikaReactionGame.a(RGB_PWM_Green_1.o)
                0x00001ea4                RGB_PWM_Green_1_WriteCounter
 .text.RGB_PWM_Green_1_WritePeriod
                0x00001eb0        0xc .\CortexM3\ARM_GCC_541\Debug\erikaReactionGame.a(RGB_PWM_Green_1.o)
                0x00001eb0                RGB_PWM_Green_1_WritePeriod
 .text.RGB_PWM_Green_1_WriteCompare
                0x00001ebc        0xc .\CortexM3\ARM_GCC_541\Debug\erikaReactionGame.a(RGB_PWM_Green_1.o)
                0x00001ebc                RGB_PWM_Green_1_WriteCompare
 .text.RGB_PWM_Green_1_SetInterruptMode
                0x00001ec8        0xc .\CortexM3\ARM_GCC_541\Debug\erikaReactionGame.a(RGB_PWM_Green_1.o)
                0x00001ec8                RGB_PWM_Green_1_SetInterruptMode
 .text.RGB_PWM_Green_1_ReadStatusRegister
                0x00001ed4        0xc .\CortexM3\ARM_GCC_541\Debug\erikaReactionGame.a(RGB_PWM_Green_1.o)
                0x00001ed4                RGB_PWM_Green_1_ReadStatusRegister
 .text.RGB_PWM_Green_1_ReadCapture
                0x00001ee0        0xc .\CortexM3\ARM_GCC_541\Debug\erikaReactionGame.a(RGB_PWM_Green_1.o)
                0x00001ee0                RGB_PWM_Green_1_ReadCapture
 .text.RGB_PWM_Green_1_ClearFIFO
                0x00001eec       0x14 .\CortexM3\ARM_GCC_541\Debug\erikaReactionGame.a(RGB_PWM_Green_1.o)
                0x00001eec                RGB_PWM_Green_1_ClearFIFO
 .text.RGB_PWM_Green_1_Init
                0x00001f00       0x5c .\CortexM3\ARM_GCC_541\Debug\erikaReactionGame.a(RGB_PWM_Green_1.o)
                0x00001f00                RGB_PWM_Green_1_Init
 .text.RGB_PWM_Green_1_Start
                0x00001f5c       0x1c .\CortexM3\ARM_GCC_541\Debug\erikaReactionGame.a(RGB_PWM_Green_1.o)
                0x00001f5c                RGB_PWM_Green_1_Start
 .text.RGB_PWM_Red_Enable
                0x00001f78       0x10 .\CortexM3\ARM_GCC_541\Debug\erikaReactionGame.a(RGB_PWM_Red.o)
                0x00001f78                RGB_PWM_Red_Enable
 .text.RGB_PWM_Red_Stop
                0x00001f88       0x10 .\CortexM3\ARM_GCC_541\Debug\erikaReactionGame.a(RGB_PWM_Red.o)
                0x00001f88                RGB_PWM_Red_Stop
 .text.RGB_PWM_Red_WriteCounter
                0x00001f98        0xc .\CortexM3\ARM_GCC_541\Debug\erikaReactionGame.a(RGB_PWM_Red.o)
                0x00001f98                RGB_PWM_Red_WriteCounter
 .text.RGB_PWM_Red_WritePeriod
                0x00001fa4        0xc .\CortexM3\ARM_GCC_541\Debug\erikaReactionGame.a(RGB_PWM_Red.o)
                0x00001fa4                RGB_PWM_Red_WritePeriod
 .text.RGB_PWM_Red_WriteCompare
                0x00001fb0        0xc .\CortexM3\ARM_GCC_541\Debug\erikaReactionGame.a(RGB_PWM_Red.o)
                0x00001fb0                RGB_PWM_Red_WriteCompare
 .text.RGB_PWM_Red_SetInterruptMode
                0x00001fbc        0xc .\CortexM3\ARM_GCC_541\Debug\erikaReactionGame.a(RGB_PWM_Red.o)
                0x00001fbc                RGB_PWM_Red_SetInterruptMode
 .text.RGB_PWM_Red_ReadStatusRegister
                0x00001fc8        0xc .\CortexM3\ARM_GCC_541\Debug\erikaReactionGame.a(RGB_PWM_Red.o)
                0x00001fc8                RGB_PWM_Red_ReadStatusRegister
 .text.RGB_PWM_Red_ReadCapture
                0x00001fd4        0xc .\CortexM3\ARM_GCC_541\Debug\erikaReactionGame.a(RGB_PWM_Red.o)
                0x00001fd4                RGB_PWM_Red_ReadCapture
 .text.RGB_PWM_Red_ClearFIFO
                0x00001fe0       0x14 .\CortexM3\ARM_GCC_541\Debug\erikaReactionGame.a(RGB_PWM_Red.o)
                0x00001fe0                RGB_PWM_Red_ClearFIFO
 .text.RGB_PWM_Red_Init
                0x00001ff4       0x5c .\CortexM3\ARM_GCC_541\Debug\erikaReactionGame.a(RGB_PWM_Red.o)
                0x00001ff4                RGB_PWM_Red_Init
 .text.RGB_PWM_Red_Start
                0x00002050       0x1c .\CortexM3\ARM_GCC_541\Debug\erikaReactionGame.a(RGB_PWM_Red.o)
                0x00002050                RGB_PWM_Red_Start
 .text.LED_green_Write
                0x0000206c       0x18 .\CortexM3\ARM_GCC_541\Debug\erikaReactionGame.a(LED_green.o)
                0x0000206c                LED_green_Write
 .text.LED_Yellow_Write
                0x00002084       0x18 .\CortexM3\ARM_GCC_541\Debug\erikaReactionGame.a(LED_Yellow.o)
                0x00002084                LED_Yellow_Write
 .text.RGB_PWM_Yellow_Enable
                0x0000209c       0x10 .\CortexM3\ARM_GCC_541\Debug\erikaReactionGame.a(RGB_PWM_Yellow.o)
                0x0000209c                RGB_PWM_Yellow_Enable
 .text.RGB_PWM_Yellow_Stop
                0x000020ac       0x10 .\CortexM3\ARM_GCC_541\Debug\erikaReactionGame.a(RGB_PWM_Yellow.o)
                0x000020ac                RGB_PWM_Yellow_Stop
 .text.RGB_PWM_Yellow_WriteCounter
                0x000020bc        0xc .\CortexM3\ARM_GCC_541\Debug\erikaReactionGame.a(RGB_PWM_Yellow.o)
                0x000020bc                RGB_PWM_Yellow_WriteCounter
 .text.RGB_PWM_Yellow_WritePeriod
                0x000020c8        0xc .\CortexM3\ARM_GCC_541\Debug\erikaReactionGame.a(RGB_PWM_Yellow.o)
                0x000020c8                RGB_PWM_Yellow_WritePeriod
 .text.RGB_PWM_Yellow_WriteCompare
                0x000020d4        0xc .\CortexM3\ARM_GCC_541\Debug\erikaReactionGame.a(RGB_PWM_Yellow.o)
                0x000020d4                RGB_PWM_Yellow_WriteCompare
 .text.RGB_PWM_Yellow_SetInterruptMode
                0x000020e0        0xc .\CortexM3\ARM_GCC_541\Debug\erikaReactionGame.a(RGB_PWM_Yellow.o)
                0x000020e0                RGB_PWM_Yellow_SetInterruptMode
 .text.RGB_PWM_Yellow_ReadStatusRegister
                0x000020ec        0xc .\CortexM3\ARM_GCC_541\Debug\erikaReactionGame.a(RGB_PWM_Yellow.o)
                0x000020ec                RGB_PWM_Yellow_ReadStatusRegister
 .text.RGB_PWM_Yellow_ReadCapture
                0x000020f8        0xc .\CortexM3\ARM_GCC_541\Debug\erikaReactionGame.a(RGB_PWM_Yellow.o)
                0x000020f8                RGB_PWM_Yellow_ReadCapture
 .text.RGB_PWM_Yellow_ClearFIFO
                0x00002104       0x14 .\CortexM3\ARM_GCC_541\Debug\erikaReactionGame.a(RGB_PWM_Yellow.o)
                0x00002104                RGB_PWM_Yellow_ClearFIFO
 .text.RGB_PWM_Yellow_Init
                0x00002118       0x5c .\CortexM3\ARM_GCC_541\Debug\erikaReactionGame.a(RGB_PWM_Yellow.o)
                0x00002118                RGB_PWM_Yellow_Init
 .text.RGB_PWM_Yellow_Start
                0x00002174       0x1c .\CortexM3\ARM_GCC_541\Debug\erikaReactionGame.a(RGB_PWM_Yellow.o)
                0x00002174                RGB_PWM_Yellow_Start
 .text.LED_red_Write
                0x00002190       0x18 .\CortexM3\ARM_GCC_541\Debug\erikaReactionGame.a(LED_red.o)
                0x00002190                LED_red_Write
 .text          0x000021a8       0x20 .\CortexM3\ARM_GCC_541\Debug\erikaReactionGame.a(CyBootAsmGnu.o)
                0x000021a8                CyDelayCycles
                0x000021b8                CyEnterCriticalSection
                0x000021c0                CyExitCriticalSection
 .text          0x000021c8       0x7c .\CortexM3\ARM_GCC_541\Debug\erikaReactionGame.a(ErikaOS_1_ee_gnu_change_context_isr.o)
                0x000021c8                EE_set_switch_context_pri
                0x000021e2                EE_switch_context
                0x000021ec                EE_cortex_mx_pendsv_ISR
                0x00002228                EE_cortex_mx_svc_ISR
 .text          0x00002244       0x24 .\CortexM3\ARM_GCC_541\Debug\erikaReactionGame.a(ErikaOS_1_ee_gnu_irq_stack.o)
                0x00002244                EE_cortex_mx_change_IRQ_stack
                0x00002256                EE_cortex_mx_change_IRQ_stack_back
 .text          0x00002268       0x68 .\CortexM3\ARM_GCC_541\Debug\erikaReactionGame.a(ErikaOS_1_ee_gnu_multi_context.o)
                0x00002268                EE_cortex_mx_change_context
 .text          0x000022d0       0x80 .\CortexM3\ARM_GCC_541\Debug\erikaReactionGame.a(ErikaOS_1_ee_gnu_oo.o)
                0x000022d0                EE_hal_terminate_savestk
                0x0000231a                EE_hal_terminate_task
 .text.EE_thread_not_terminated
                0x00002350       0x10 .\CortexM3\ARM_GCC_541\Debug\erikaReactionGame.a(ErikaOS_1_ee_tnterm.o)
                0x00002350                EE_thread_not_terminated
 .text.EE_oo_thread_stub
                0x00002360       0x10 .\CortexM3\ARM_GCC_541\Debug\erikaReactionGame.a(ErikaOS_1_ee_tstub.o)
                0x00002360                EE_oo_thread_stub
 .text.EE_std_run_task_code
                0x00002370       0x18 .\CortexM3\ARM_GCC_541\Debug\erikaReactionGame.a(ErikaOS_1_cortex_mx_ee_context.o)
                0x00002370                EE_std_run_task_code
 .text.EE_std_need_context_change
                0x00002388       0x28 .\CortexM3\ARM_GCC_541\Debug\erikaReactionGame.a(ErikaOS_1_cortex_mx_ee_context.o)
                0x00002388                EE_std_need_context_change
 .text.EE_thread_rnact_max
                0x000023b0       0x20 .\CortexM3\ARM_GCC_541\Debug\erikaReactionGame.a(ErikaOS_1_ee_thendin.o)
 .text.EE_thread_endcycle_next
                0x000023d0       0x30 .\CortexM3\ARM_GCC_541\Debug\erikaReactionGame.a(ErikaOS_1_ee_thendin.o)
 .text.EE_thread_end_instance
                0x00002400      0x108 .\CortexM3\ARM_GCC_541\Debug\erikaReactionGame.a(ErikaOS_1_ee_thendin.o)
                0x00002400                EE_thread_end_instance
 .text          0x00002508      0x21c c:/program files (x86)/cypress/psoc creator/4.4/psoc creator/import/gnu/arm/5.4.1/bin/../lib/gcc/arm-none-eabi/5.4.1/armv7-m\libgcc.a(_arm_addsubsf3.o)
                0x00002508                __aeabi_frsub
                0x00002510                __subsf3
                0x00002510                __aeabi_fsub
                0x00002514                __aeabi_fadd
                0x00002514                __addsf3
                0x00002674                __aeabi_ui2f
                0x00002674                __floatunsisf
                0x0000267c                __aeabi_i2f
                0x0000267c                __floatsisf
                0x00002698                __aeabi_ul2f
                0x00002698                __floatundisf
                0x000026a8                __aeabi_l2f
                0x000026a8                __floatdisf
 .text          0x00002724      0x2a0 c:/program files (x86)/cypress/psoc creator/4.4/psoc creator/import/gnu/arm/5.4.1/bin/../lib/gcc/arm-none-eabi/5.4.1/armv7-m\libgcc.a(_arm_muldivsf3.o)
                0x00002724                __mulsf3
                0x00002724                __aeabi_fmul
                0x0000288c                __aeabi_fdiv
                0x0000288c                __divsf3
 .text          0x000029c4       0x4c c:/program files (x86)/cypress/psoc creator/4.4/psoc creator/import/gnu/arm/5.4.1/bin/../lib/gcc/arm-none-eabi/5.4.1/armv7-m\libgcc.a(_arm_fixsfsi.o)
                0x000029c4                __aeabi_f2iz
                0x000029c4                __fixsfsi
 .text.__errno  0x00002a10        0xc c:/program files (x86)/cypress/psoc creator/4.4/psoc creator/import/gnu/arm/5.4.1/bin/../lib/gcc/arm-none-eabi/5.4.1/../../../../arm-none-eabi/lib/armv7-m\libg_nano.a(lib_a-errno.o)
                0x00002a10                __errno
 .text.__libc_init_array
                0x00002a1c       0x4c c:/program files (x86)/cypress/psoc creator/4.4/psoc creator/import/gnu/arm/5.4.1/bin/../lib/gcc/arm-none-eabi/5.4.1/../../../../arm-none-eabi/lib/armv7-m\libg_nano.a(lib_a-init.o)
                0x00002a1c                __libc_init_array
 .text.memcpy   0x00002a68       0x16 c:/program files (x86)/cypress/psoc creator/4.4/psoc creator/import/gnu/arm/5.4.1/bin/../lib/gcc/arm-none-eabi/5.4.1/../../../../arm-none-eabi/lib/armv7-m\libg_nano.a(lib_a-memcpy-stub.o)
                0x00002a68                memcpy
 .text.memset   0x00002a7e       0x10 c:/program files (x86)/cypress/psoc creator/4.4/psoc creator/import/gnu/arm/5.4.1/bin/../lib/gcc/arm-none-eabi/5.4.1/../../../../arm-none-eabi/lib/armv7-m\libg_nano.a(lib_a-memset.o)
                0x00002a7e                memset
 *fill*         0x00002a8e        0x2 
 .text.srand    0x00002a90       0x50 c:/program files (x86)/cypress/psoc creator/4.4/psoc creator/import/gnu/arm/5.4.1/bin/../lib/gcc/arm-none-eabi/5.4.1/../../../../arm-none-eabi/lib/armv7-m\libg_nano.a(lib_a-rand.o)
                0x00002a90                srand
 .text.rand     0x00002ae0       0x74 c:/program files (x86)/cypress/psoc creator/4.4/psoc creator/import/gnu/arm/5.4.1/bin/../lib/gcc/arm-none-eabi/5.4.1/../../../../arm-none-eabi/lib/armv7-m\libg_nano.a(lib_a-rand.o)
                0x00002ae0                rand
 .text.sprintf  0x00002b54       0x48 c:/program files (x86)/cypress/psoc creator/4.4/psoc creator/import/gnu/arm/5.4.1/bin/../lib/gcc/arm-none-eabi/5.4.1/../../../../arm-none-eabi/lib/armv7-m\libg_nano.a(lib_a-sprintf.o)
                0x00002b54                siprintf
                0x00002b54                sprintf
 .text          0x00002b9c       0x10 c:/program files (x86)/cypress/psoc creator/4.4/psoc creator/import/gnu/arm/5.4.1/bin/../lib/gcc/arm-none-eabi/5.4.1/../../../../arm-none-eabi/lib/armv7-m\libg_nano.a(lib_a-strlen.o)
                0x00002b9c                strlen
 .text.time     0x00002bac       0x28 c:/program files (x86)/cypress/psoc creator/4.4/psoc creator/import/gnu/arm/5.4.1/bin/../lib/gcc/arm-none-eabi/5.4.1/../../../../arm-none-eabi/lib/armv7-m\libg_nano.a(lib_a-time.o)
                0x00002bac                time
 .text._gettimeofday_r
                0x00002bd4       0x24 c:/program files (x86)/cypress/psoc creator/4.4/psoc creator/import/gnu/arm/5.4.1/bin/../lib/gcc/arm-none-eabi/5.4.1/../../../../arm-none-eabi/lib/armv7-m\libg_nano.a(lib_a-gettimeofdayr.o)
                0x00002bd4                _gettimeofday_r
 .text.malloc   0x00002bf8       0x10 c:/program files (x86)/cypress/psoc creator/4.4/psoc creator/import/gnu/arm/5.4.1/bin/../lib/gcc/arm-none-eabi/5.4.1/../../../../arm-none-eabi/lib/armv7-m\libg_nano.a(lib_a-malloc.o)
                0x00002bf8                malloc
 .text._free_r  0x00002c08       0x98 c:/program files (x86)/cypress/psoc creator/4.4/psoc creator/import/gnu/arm/5.4.1/bin/../lib/gcc/arm-none-eabi/5.4.1/../../../../arm-none-eabi/lib/armv7-m\libg_nano.a(lib_a-nano-freer.o)
                0x00002c08                _free_r
 .text._malloc_r
                0x00002ca0       0xbc c:/program files (x86)/cypress/psoc creator/4.4/psoc creator/import/gnu/arm/5.4.1/bin/../lib/gcc/arm-none-eabi/5.4.1/../../../../arm-none-eabi/lib/armv7-m\libg_nano.a(lib_a-nano-mallocr.o)
                0x00002ca0                _malloc_r
 .text.__ssputs_r
                0x00002d5c       0xb2 c:/program files (x86)/cypress/psoc creator/4.4/psoc creator/import/gnu/arm/5.4.1/bin/../lib/gcc/arm-none-eabi/5.4.1/../../../../arm-none-eabi/lib/armv7-m\libg_nano.a(lib_a-nano-svfprintf.o)
                0x00002d5c                __ssputs_r
 *fill*         0x00002e0e        0x2 
 .text._svfprintf_r
                0x00002e10      0x1e8 c:/program files (x86)/cypress/psoc creator/4.4/psoc creator/import/gnu/arm/5.4.1/bin/../lib/gcc/arm-none-eabi/5.4.1/../../../../arm-none-eabi/lib/armv7-m\libg_nano.a(lib_a-nano-svfprintf.o)
                0x00002e10                _svfiprintf_r
                0x00002e10                _svfprintf_r
 .text._printf_common
                0x00002ff8       0xec c:/program files (x86)/cypress/psoc creator/4.4/psoc creator/import/gnu/arm/5.4.1/bin/../lib/gcc/arm-none-eabi/5.4.1/../../../../arm-none-eabi/lib/armv7-m\libg_nano.a(lib_a-nano-vfprintf_i.o)
                0x00002ff8                _printf_common
 .text._printf_i
                0x000030e4      0x24c c:/program files (x86)/cypress/psoc creator/4.4/psoc creator/import/gnu/arm/5.4.1/bin/../lib/gcc/arm-none-eabi/5.4.1/../../../../arm-none-eabi/lib/armv7-m\libg_nano.a(lib_a-nano-vfprintf_i.o)
                0x000030e4                _printf_i
 .text._sbrk_r  0x00003330       0x20 c:/program files (x86)/cypress/psoc creator/4.4/psoc creator/import/gnu/arm/5.4.1/bin/../lib/gcc/arm-none-eabi/5.4.1/../../../../arm-none-eabi/lib/armv7-m\libg_nano.a(lib_a-sbrkr.o)
                0x00003330                _sbrk_r
 .text.memchr   0x00003350       0x1c c:/program files (x86)/cypress/psoc creator/4.4/psoc creator/import/gnu/arm/5.4.1/bin/../lib/gcc/arm-none-eabi/5.4.1/../../../../arm-none-eabi/lib/armv7-m\libg_nano.a(lib_a-memchr-stub.o)
                0x00003350                memchr
 .text.memmove  0x0000336c       0x36 c:/program files (x86)/cypress/psoc creator/4.4/psoc creator/import/gnu/arm/5.4.1/bin/../lib/gcc/arm-none-eabi/5.4.1/../../../../arm-none-eabi/lib/armv7-m\libg_nano.a(lib_a-memmove.o)
                0x0000336c                memmove
 .text.__malloc_lock
                0x000033a2        0x2 c:/program files (x86)/cypress/psoc creator/4.4/psoc creator/import/gnu/arm/5.4.1/bin/../lib/gcc/arm-none-eabi/5.4.1/../../../../arm-none-eabi/lib/armv7-m\libg_nano.a(lib_a-mlock.o)
                0x000033a2                __malloc_lock
 .text.__malloc_unlock
                0x000033a4        0x2 c:/program files (x86)/cypress/psoc creator/4.4/psoc creator/import/gnu/arm/5.4.1/bin/../lib/gcc/arm-none-eabi/5.4.1/../../../../arm-none-eabi/lib/armv7-m\libg_nano.a(lib_a-mlock.o)
                0x000033a4                __malloc_unlock
 .text._realloc_r
                0x000033a6       0x4c c:/program files (x86)/cypress/psoc creator/4.4/psoc creator/import/gnu/arm/5.4.1/bin/../lib/gcc/arm-none-eabi/5.4.1/../../../../arm-none-eabi/lib/armv7-m\libg_nano.a(lib_a-nano-reallocr.o)
                0x000033a6                _realloc_r
 .text._malloc_usable_size_r
                0x000033f2       0x14 c:/program files (x86)/cypress/psoc creator/4.4/psoc creator/import/gnu/arm/5.4.1/bin/../lib/gcc/arm-none-eabi/5.4.1/../../../../arm-none-eabi/lib/armv7-m\libg_nano.a(lib_a-nano-msizer.o)
                0x000033f2                _malloc_usable_size_r
 *fill*         0x00003406        0x2 
 .text._gettimeofday
                0x00003408       0x10 c:/program files (x86)/cypress/psoc creator/4.4/psoc creator/import/gnu/arm/5.4.1/bin/../lib/gcc/arm-none-eabi/5.4.1/../../../../arm-none-eabi/lib/armv7-m\libnosys.a(gettod.o)
                0x00003408                _gettimeofday
 *(.plt)
 *(.gnu.warning)
 *(.glue_7t)
 .glue_7t       0x00003418        0x0 linker stubs
 *(.glue_7)
 .glue_7        0x00003418        0x0 linker stubs
 *(.vfp11_veneer)
 .vfp11_veneer  0x00003418        0x0 linker stubs
 *(.bootloader)
 *(.ARM.extab* .gnu.linkonce.armextab.*)
 *(.gcc_except_table)

.v4_bx          0x00003418        0x0
 .v4_bx         0x00003418        0x0 linker stubs

.iplt           0x00003418        0x0
 .iplt          0x00003418        0x0 c:/program files (x86)/cypress/psoc creator/4.4/psoc creator/import/gnu/arm/5.4.1/bin/../lib/gcc/arm-none-eabi/5.4.1/armv7-m/crtbegin.o

.eh_frame_hdr
 *(.eh_frame_hdr)

.eh_frame       0x00003418        0x4
 *(.eh_frame)
 .eh_frame      0x00003418        0x0 c:/program files (x86)/cypress/psoc creator/4.4/psoc creator/import/gnu/arm/5.4.1/bin/../lib/gcc/arm-none-eabi/5.4.1/armv7-m/crtbegin.o
 .eh_frame      0x00003418        0x4 c:/program files (x86)/cypress/psoc creator/4.4/psoc creator/import/gnu/arm/5.4.1/bin/../lib/gcc/arm-none-eabi/5.4.1/armv7-m/crtend.o
                [!provide]                PROVIDE (__exidx_start, .)

.ARM.exidx
 *(.ARM.exidx* .gnu.linkonce.armexidx.*)
                0x0000341c                __exidx_end = .

.rodata         0x0000341c      0x7cc
 *(.rodata .rodata.* .gnu.linkonce.r.*)
 .rodata.str1.4
                0x0000341c      0x105 .\CortexM3\ARM_GCC_541\Debug\control.o
 *fill*         0x00003521        0x3 
 .rodata.str1.4
                0x00003524       0x51 .\CortexM3\ARM_GCC_541\Debug\game.o
 *fill*         0x00003575        0x3 
 .rodata        0x00003578      0x23a .\CortexM3\ARM_GCC_541\Debug\led.o
                0x00003778                RG_glowtable_1_len
                0x0000377c                RG_glowtable_1
 *fill*         0x000037b2        0x2 
 .rodata        0x000037b4       0x36 .\CortexM3\ARM_GCC_541\Debug\cyfitter_cfg.o
 *fill*         0x000037ea        0x2 
 .rodata        0x000037ec      0x100 .\CortexM3\ARM_GCC_541\Debug\erikaReactionGame.a(ErikaOS_1_ee_lookup.o)
                0x000037ec                EE_rq_lookup
 .rodata        0x000038ec      0x1b8 .\CortexM3\ARM_GCC_541\Debug\erikaReactionGame.a(ErikaOS_1_eecfg.o)
                0x000038ec                EE_oo_autostart_task_data
                0x000038f8                EE_oo_action_ROM
                0x0000395c                EE_oo_counter_object_ROM
                0x00003998                EE_ALARM_ID
                0x000039ac                EE_alarm_ROM
                0x000039c0                EE_counter_ROM
                0x000039cc                EE_th_is_extended
                0x000039e8                EE_th_rnact_max
                0x00003a04                EE_th_dispatch_prio
                0x00003a20                EE_EVENT_ID
                0x00003a30                EE_th_ready_prio
                0x00003a4c                EE_terminate_real_th_body
                0x00003a68                EE_hal_thread_body
                0x00003a84                EE_std_thread_tos
 .rodata.str1.4
                0x00003aa4       0xd4 .\CortexM3\ARM_GCC_541\Debug\erikaReactionGame.a(ErikaOS_1_eecfg.o)
                                 0xd3 (size before relaxing)
 .rodata.str1.1
                0x00003b78        0x2 c:/program files (x86)/cypress/psoc creator/4.4/psoc creator/import/gnu/arm/5.4.1/bin/../lib/gcc/arm-none-eabi/5.4.1/../../../../arm-none-eabi/lib/armv7-m\libg_nano.a(lib_a-impure.o)
 .rodata.str1.1
                0x00003b7a       0x11 c:/program files (x86)/cypress/psoc creator/4.4/psoc creator/import/gnu/arm/5.4.1/bin/../lib/gcc/arm-none-eabi/5.4.1/../../../../arm-none-eabi/lib/armv7-m\libg_nano.a(lib_a-nano-svfprintf.o)
 .rodata.str1.1
                0x00003b8b       0x22 c:/program files (x86)/cypress/psoc creator/4.4/psoc creator/import/gnu/arm/5.4.1/bin/../lib/gcc/arm-none-eabi/5.4.1/../../../../arm-none-eabi/lib/armv7-m\libg_nano.a(lib_a-nano-vfprintf_i.o)
                0x00003bb0                . = ALIGN (0x4)
 *fill*         0x00003bad        0x3 
 *(.init)
 .init          0x00003bb0        0x4 c:/program files (x86)/cypress/psoc creator/4.4/psoc creator/import/gnu/arm/5.4.1/bin/../lib/gcc/arm-none-eabi/5.4.1/armv7-m/crti.o
                0x00003bb0                _init
 .init          0x00003bb4        0x8 c:/program files (x86)/cypress/psoc creator/4.4/psoc creator/import/gnu/arm/5.4.1/bin/../lib/gcc/arm-none-eabi/5.4.1/armv7-m/crtn.o
                0x00003bbc                . = ALIGN (0x4)
                0x00003bbc                __preinit_array_start = .
 *(.preinit_array)
                0x00003bbc                __preinit_array_end = .
                0x00003bbc                . = ALIGN (0x4)
                0x00003bbc                __init_array_start = .
 *(SORT(.init_array.*))
 *(.init_array)
 .init_array    0x00003bbc        0x4 c:/program files (x86)/cypress/psoc creator/4.4/psoc creator/import/gnu/arm/5.4.1/bin/../lib/gcc/arm-none-eabi/5.4.1/armv7-m/crtbegin.o
 .init_array    0x00003bc0        0x4 .\CortexM3\ARM_GCC_541\Debug\Cm3Start.o
                0x00003bc4                __init_array_end = .
                0x00003bc4                . = ALIGN (0x4)
 *(.fini)
 .fini          0x00003bc4        0x4 c:/program files (x86)/cypress/psoc creator/4.4/psoc creator/import/gnu/arm/5.4.1/bin/../lib/gcc/arm-none-eabi/5.4.1/armv7-m/crti.o
                0x00003bc4                _fini
 .fini          0x00003bc8        0x8 c:/program files (x86)/cypress/psoc creator/4.4/psoc creator/import/gnu/arm/5.4.1/bin/../lib/gcc/arm-none-eabi/5.4.1/armv7-m/crtn.o
                0x00003bd0                . = ALIGN (0x4)
                0x00003bd0                __fini_array_start = .
 *(.fini_array)
 .fini_array    0x00003bd0        0x4 c:/program files (x86)/cypress/psoc creator/4.4/psoc creator/import/gnu/arm/5.4.1/bin/../lib/gcc/arm-none-eabi/5.4.1/armv7-m/crtbegin.o
 *(SORT(.fini_array.*))
                0x00003bd4                __fini_array_end = .
                0x00003bd4                . = ALIGN (0x4)
 *crtbegin.o(.ctors)
 *(EXCLUDE_FILE(*crtend.o) .ctors)
 *(SORT(.ctors.*))
 *crtend.o(.ctors)
                0x00003bd4                . = ALIGN (0x4)
 *crtbegin.o(.dtors)
 *(EXCLUDE_FILE(*crtend.o) .dtors)
 *(SORT(.dtors.*))
 *crtend.o(.dtors)
                0x00003bd4                . = ALIGN (0x4)
                0x00003bd4                __cy_regions = .
                0x00003bd4        0x4 LONG 0x3be8 __cy_region_init_ram
                0x00003bd8        0x4 LONG 0x1fff80c8 __cy_region_start_data
                0x00003bdc        0x4 LONG 0x200 __cy_region_init_size_ram
                0x00003be0        0x4 LONG 0x1308 __cy_region_zero_size_ram
                0x00003be4                __cy_regions_end = .
                0x00003be8                . = ALIGN (0x8)
 *fill*         0x00003be4        0x4 
                0x00003be8                _etext = .

.cy_checksum_exclude
                0x00003be8        0x0
 *(.cy_checksum_exclude)

.ramvectors     0x1fff8000       0xc0
                0x1fff8000                __cy_region_start_ram = .
 *(.ramvectors)
 .ramvectors    0x1fff8000       0xc0 .\CortexM3\ARM_GCC_541\Debug\Cm3Start.o
                0x1fff8000                CyRamVectors

.noinit         0x1fff80c0        0x1
 *(.noinit)
 .noinit        0x1fff80c0        0x1 .\CortexM3\ARM_GCC_541\Debug\erikaReactionGame.a(CyLib.o)
                0x1fff80c0                CyResetStatus

.data           0x1fff80c8      0x200 load address 0x00003be8
                0x1fff80c8                __cy_region_start_data = .
 *(.jcr)
 .jcr           0x1fff80c8        0x0 c:/program files (x86)/cypress/psoc creator/4.4/psoc creator/import/gnu/arm/5.4.1/bin/../lib/gcc/arm-none-eabi/5.4.1/armv7-m/crtbegin.o
 .jcr           0x1fff80c8        0x4 c:/program files (x86)/cypress/psoc creator/4.4/psoc creator/import/gnu/arm/5.4.1/bin/../lib/gcc/arm-none-eabi/5.4.1/armv7-m/crtend.o
 *(.got.plt)
 *(.got)
 *(.shdata)
 *(.data .data.* .gnu.linkonce.d.*)
 .data          0x1fff80cc        0x4 .\CortexM3\ARM_GCC_541\Debug\Cm3Start.o
 .data          0x1fff80d0       0x10 .\CortexM3\ARM_GCC_541\Debug\erikaReactionGame.a(CyLib.o)
                0x1fff80d0                cydelay_32k_ms
                0x1fff80d4                cydelay_freq_khz
                0x1fff80d8                cydelay_freq_mhz
                0x1fff80dc                cydelay_freq_hz
 .data          0x1fff80e0      0x180 .\CortexM3\ARM_GCC_541\Debug\erikaReactionGame.a(ErikaOS_1_eecfg.o)
                0x1fff80e0                EE_ALARM_NAME
                0x1fff80f4                EE_counter_RAM
                0x1fff80fc                EE_th_terminate_nextask
                0x1fff8118                EE_rq_pairs_next
                0x1fff8134                EE_rq_link
                0x1fff8150                EE_th_rnact
                0x1fff816c                EE_rq_queues_tail
                0x1fff81ac                EE_rq_queues_head
                0x1fff81ec                EE_stkfirst
                0x1fff81f0                EE_th_next
                0x1fff820c                EE_th_status
                0x1fff8228                EE_EVENT_NAME
                0x1fff8238                EE_TASK_NAME
                0x1fff8254                EE_cortex_mx_IRQ_tos
                0x1fff8258                EE_cortex_mx_system_tos
 .data          0x1fff8260        0x4 .\CortexM3\ARM_GCC_541\Debug\erikaReactionGame.a(ErikaOS_1_ee_gnu_irq_stack.o)
 .data.impure_data
                0x1fff8264       0x60 c:/program files (x86)/cypress/psoc creator/4.4/psoc creator/import/gnu/arm/5.4.1/bin/../lib/gcc/arm-none-eabi/5.4.1/../../../../arm-none-eabi/lib/armv7-m\libg_nano.a(lib_a-impure.o)
 .data._impure_ptr
                0x1fff82c4        0x4 c:/program files (x86)/cypress/psoc creator/4.4/psoc creator/import/gnu/arm/5.4.1/bin/../lib/gcc/arm-none-eabi/5.4.1/../../../../arm-none-eabi/lib/armv7-m\libg_nano.a(lib_a-impure.o)
                0x1fff82c4                _impure_ptr
                0x1fff82c8                . = ALIGN (0x8)
 *(.ram)
                0x1fff82c8                _edata = .

.igot.plt       0x1fff82c8        0x0 load address 0x00003de8
 .igot.plt      0x1fff82c8        0x0 c:/program files (x86)/cypress/psoc creator/4.4/psoc creator/import/gnu/arm/5.4.1/bin/../lib/gcc/arm-none-eabi/5.4.1/armv7-m/crtbegin.o

.bss            0x1fff82c8     0x1308 load address 0x00003de8
                0x1fff82c8                PROVIDE (__bss_start__, .)
 *(.shbss)
 *(.bss .bss.* .gnu.linkonce.b.*)
 .bss           0x1fff82c8       0x1c c:/program files (x86)/cypress/psoc creator/4.4/psoc creator/import/gnu/arm/5.4.1/bin/../lib/gcc/arm-none-eabi/5.4.1/armv7-m/crtbegin.o
 .bss           0x1fff82e4        0xa .\CortexM3\ARM_GCC_541\Debug\control.o
                0x1fff82e6                time_count
                0x1fff82ec                buttonFlag
 *fill*         0x1fff82ee        0x2 
 .bss           0x1fff82f0       0x1c .\CortexM3\ARM_GCC_541\Debug\erikaReactionGame.a(CyLib.o)
                0x1fff8308                CySysTickInitVar
 .bss           0x1fff830c       0x64 .\CortexM3\ARM_GCC_541\Debug\erikaReactionGame.a(ErikaOS_1_eecfg.o)
                0x1fff830c                EE_th_waswaiting
                0x1fff8328                EE_th_event_waitmask
                0x1fff8344                EE_th_event_active
                0x1fff8360                EE_rq_free
                0x1fff8364                EE_rq_bitmask
                0x1fff8368                EE_sys_ceiling
                0x1fff836c                EE_cortex_mx_active_tos
 .bss           0x1fff8370        0x2 .\CortexM3\ARM_GCC_541\Debug\erikaReactionGame.a(UART_LOG.o)
                0x1fff8370                UART_LOG_initVar
 .bss           0x1fff8372        0x1 .\CortexM3\ARM_GCC_541\Debug\erikaReactionGame.a(RGB_PWM_Green.o)
                0x1fff8372                RGB_PWM_Green_initVar
 .bss           0x1fff8373        0x1 .\CortexM3\ARM_GCC_541\Debug\erikaReactionGame.a(RGB_PWM_Yellow_1.o)
                0x1fff8373                RGB_PWM_Yellow_1_initVar
 .bss           0x1fff8374        0x1 .\CortexM3\ARM_GCC_541\Debug\erikaReactionGame.a(RGB_PWM_Red_1.o)
                0x1fff8374                RGB_PWM_Red_1_initVar
 .bss           0x1fff8375        0x1 .\CortexM3\ARM_GCC_541\Debug\erikaReactionGame.a(RGB_PWM_Green_1.o)
                0x1fff8375                RGB_PWM_Green_1_initVar
 .bss           0x1fff8376        0x1 .\CortexM3\ARM_GCC_541\Debug\erikaReactionGame.a(RGB_PWM_Red.o)
                0x1fff8376                RGB_PWM_Red_initVar
 .bss           0x1fff8377        0x1 .\CortexM3\ARM_GCC_541\Debug\erikaReactionGame.a(RGB_PWM_Yellow.o)
                0x1fff8377                RGB_PWM_Yellow_initVar
 .bss.__malloc_sbrk_start
                0x1fff8378        0x4 c:/program files (x86)/cypress/psoc creator/4.4/psoc creator/import/gnu/arm/5.4.1/bin/../lib/gcc/arm-none-eabi/5.4.1/../../../../arm-none-eabi/lib/armv7-m\libg_nano.a(lib_a-nano-mallocr.o)
                0x1fff8378                __malloc_sbrk_start
 .bss.__malloc_free_list
                0x1fff837c        0x4 c:/program files (x86)/cypress/psoc creator/4.4/psoc creator/import/gnu/arm/5.4.1/bin/../lib/gcc/arm-none-eabi/5.4.1/../../../../arm-none-eabi/lib/armv7-m\libg_nano.a(lib_a-nano-mallocr.o)
                0x1fff837c                __malloc_free_list
 *(COMMON)
 COMMON         0x1fff8380        0xc .\CortexM3\ARM_GCC_541\Debug\main.o
                0x1fff8380                game
                0x1fff8388                systickCounter
 COMMON         0x1fff838c        0x8 .\CortexM3\ARM_GCC_541\Debug\erikaReactionGame.a(ErikaOS_1_ee_lookup.o)
                0x1fff838c                EE_oo_IRQ_disable_count
                0x1fff8390                EE_oo_IRQ_suspend_status
 COMMON         0x1fff8394        0x4 .\CortexM3\ARM_GCC_541\Debug\erikaReactionGame.a(ErikaOS_1_ee_startos.o)
                0x1fff8394                EE_oo_started
 COMMON         0x1fff8398        0x8 .\CortexM3\ARM_GCC_541\Debug\erikaReactionGame.a(ErikaOS_1_common_ee_hal_structs.o)
                0x1fff8398                EE_IRQ_nesting_level
                0x1fff839c                EE_std_endcycle_next_tid
 COMMON         0x1fff83a0     0x122c .\CortexM3\ARM_GCC_541\Debug\erikaReactionGame.a(ErikaOS_1_eecfg.o)
                0x1fff83a0                EE_cortex_mx_stack_3
                0x1fff9340                EE_rq_pairs_tid
                0x1fff935c                EE_terminate_data
                0x1fff9378                EE_oo_counter_object_RAM
                0x1fff93c8                EE_ApplicationMode
                0x1fff93cc                EE_cortex_mx_stack_9
 COMMON         0x1fff95cc        0x4 c:/program files (x86)/cypress/psoc creator/4.4/psoc creator/import/gnu/arm/5.4.1/bin/../lib/gcc/arm-none-eabi/5.4.1/../../../../arm-none-eabi/lib/armv7-m\libg_nano.a(lib_a-reent.o)
                0x1fff95cc                errno
                0x1fff95d0                . = ALIGN (0x8)
 *(.ram.b)
                0x1fff95d0                _end = .
                0x1fff95d0                __end = .
                0x1fff95d0                PROVIDE (end, .)
                0x1fff95d0                PROVIDE (__bss_end__, .)
                0x00003be8                __cy_region_init_ram = LOADADDR (.data)
                0x00000200                __cy_region_init_size_ram = (_edata - ADDR (.data))
                0x00001308                __cy_region_zero_size_ram = (_end - _edata)

.heap           0x1fff95d0       0x80 load address 0x00003de8
                0x1fff95d0                . = _end
                0x1fff9650                . = (. + 0x80)
 *fill*         0x1fff95d0       0x80 
                0x1fff9650                __cy_heap_limit = .

.stack          0x20007800      0x800
                0x20007800                __cy_stack_limit = .
                0x20008000                . = (. + 0x800)
 *fill*         0x20007800      0x800 
                0x00000001                ASSERT ((__cy_stack_limit >= __cy_heap_limit), region RAM overflowed with stack)
                0x00000000                cy_checksum_exclude_size = (CY_APPL_LOADABLE == 0x1)?SIZEOF (.cy_checksum_exclude):0x0
                0x00000001                ASSERT ((cy_checksum_exclude_size <= CY_CHECKSUM_EXCLUDE_SIZE), CY_BOOT: Section .cy_checksum_exclude size exceedes specified limit.)

.cyloadermeta
 *(.cyloadermeta)

.cyloadablemeta
 *(.cyloadablemeta)

.cyconfigecc    0x80000000      0x8f0
 *(.cyconfigecc)
 .cyconfigecc   0x80000000      0x8f0 .\CortexM3\ARM_GCC_541\Debug\cymetadata.o
                0x80000000                cy_meta_configecc

.cycustnvl      0x90000000        0x4
 *(.cycustnvl)
 .cycustnvl     0x90000000        0x4 .\CortexM3\ARM_GCC_541\Debug\cymetadata.o
                0x90000000                cy_meta_custnvl

.cywolatch      0x90100000        0x4
 *(.cywolatch)
 .cywolatch     0x90100000        0x4 .\CortexM3\ARM_GCC_541\Debug\cymetadata.o
                0x90100000                cy_meta_wonvl

.cyeeprom       0x90200000        0x0
 *(.cyeeprom)
                0x00000001                ASSERT ((. <= ((0x90200000 + ee_offset) + ee_size)), .cyeeprom data will not fit in EEPROM)

.cyflashprotect
                0x90400000      0x100
 *(.cyflashprotect)
 .cyflashprotect
                0x90400000      0x100 .\CortexM3\ARM_GCC_541\Debug\cymetadata.o
                0x90400000                cy_meta_flashprotect

.cymeta         0x90500000        0xc
 *(.cymeta)
 .cymeta        0x90500000        0xc .\CortexM3\ARM_GCC_541\Debug\cymetadata.o
                0x90500000                cy_metadata

.rel.dyn        0x00003de8        0x0 load address 0x9050000c
 .rel.iplt      0x00003de8        0x0 c:/program files (x86)/cypress/psoc creator/4.4/psoc creator/import/gnu/arm/5.4.1/bin/../lib/gcc/arm-none-eabi/5.4.1/armv7-m/crtbegin.o

.stab           0x00000000       0x24
 *(.stab)
 .stab          0x00000000       0x24 c:/program files (x86)/cypress/psoc creator/4.4/psoc creator/import/gnu/arm/5.4.1/bin/../lib/gcc/arm-none-eabi/5.4.1/../../../../arm-none-eabi/lib/armv7-m\libnosys.a(gettod.o)

.stabstr        0x00000000       0x4e
 *(.stabstr)
 .stabstr       0x00000000       0x4e c:/program files (x86)/cypress/psoc creator/4.4/psoc creator/import/gnu/arm/5.4.1/bin/../lib/gcc/arm-none-eabi/5.4.1/../../../../arm-none-eabi/lib/armv7-m\libnosys.a(gettod.o)

.debug
 *(.debug)

.line
 *(.line)

.debug_srcinfo
 *(.debug_srcinfo)

.debug_sfnames
 *(.debug_sfnames)

.debug_aranges  0x00000000     0x12a8
 *(.debug_aranges)
 .debug_aranges
                0x00000000       0x68 .\CortexM3\ARM_GCC_541\Debug\main.o
 .debug_aranges
                0x00000068       0x38 .\CortexM3\ARM_GCC_541\Debug\control.o
 .debug_aranges
                0x000000a0       0x28 .\CortexM3\ARM_GCC_541\Debug\buttons.o
 .debug_aranges
                0x000000c8       0x38 .\CortexM3\ARM_GCC_541\Debug\game.o
 .debug_aranges
                0x00000100       0x28 .\CortexM3\ARM_GCC_541\Debug\sevenSegment.o
 .debug_aranges
                0x00000128       0x40 .\CortexM3\ARM_GCC_541\Debug\led.o
 .debug_aranges
                0x00000168       0x58 .\CortexM3\ARM_GCC_541\Debug\cyfitter_cfg.o
 .debug_aranges
                0x000001c0       0x18 .\CortexM3\ARM_GCC_541\Debug\cymetadata.o
 .debug_aranges
                0x000001d8       0x48 .\CortexM3\ARM_GCC_541\Debug\Cm3Start.o
 .debug_aranges
                0x00000220      0x2a0 .\CortexM3\ARM_GCC_541\Debug\erikaReactionGame.a(CyLib.o)
 .debug_aranges
                0x000004c0       0x98 .\CortexM3\ARM_GCC_541\Debug\erikaReactionGame.a(cyPm.o)
 .debug_aranges
                0x00000558       0x20 .\CortexM3\ARM_GCC_541\Debug\erikaReactionGame.a(ErikaOS_1_ee_activate.o)
 .debug_aranges
                0x00000578       0x20 .\CortexM3\ARM_GCC_541\Debug\erikaReactionGame.a(ErikaOS_1_ee_alcancel.o)
 .debug_aranges
                0x00000598       0x20 .\CortexM3\ARM_GCC_541\Debug\erikaReactionGame.a(ErikaOS_1_ee_alsetrel.o)
 .debug_aranges
                0x000005b8       0x58 .\CortexM3\ARM_GCC_541\Debug\erikaReactionGame.a(ErikaOS_1_ee_altick.o)
 .debug_aranges
                0x00000610       0x20 .\CortexM3\ARM_GCC_541\Debug\erikaReactionGame.a(ErikaOS_1_ee_evclear.o)
 .debug_aranges
                0x00000630       0x20 .\CortexM3\ARM_GCC_541\Debug\erikaReactionGame.a(ErikaOS_1_ee_evget.o)
 .debug_aranges
                0x00000650       0x20 .\CortexM3\ARM_GCC_541\Debug\erikaReactionGame.a(ErikaOS_1_ee_evset.o)
 .debug_aranges
                0x00000670       0x20 .\CortexM3\ARM_GCC_541\Debug\erikaReactionGame.a(ErikaOS_1_ee_evwait.o)
 .debug_aranges
                0x00000690       0x30 .\CortexM3\ARM_GCC_541\Debug\erikaReactionGame.a(ErikaOS_1_ee_irqendin.o)
 .debug_aranges
                0x000006c0       0x18 .\CortexM3\ARM_GCC_541\Debug\erikaReactionGame.a(ErikaOS_1_ee_lookup.o)
 .debug_aranges
                0x000006d8       0x20 .\CortexM3\ARM_GCC_541\Debug\erikaReactionGame.a(ErikaOS_1_ee_rq_exchg.o)
 .debug_aranges
                0x000006f8       0x20 .\CortexM3\ARM_GCC_541\Debug\erikaReactionGame.a(ErikaOS_1_ee_rq_first.o)
 .debug_aranges
                0x00000718       0x20 .\CortexM3\ARM_GCC_541\Debug\erikaReactionGame.a(ErikaOS_1_ee_rq_inser.o)
 .debug_aranges
                0x00000738       0x40 .\CortexM3\ARM_GCC_541\Debug\erikaReactionGame.a(ErikaOS_1_ee_startos.o)
 .debug_aranges
                0x00000778       0x20 .\CortexM3\ARM_GCC_541\Debug\erikaReactionGame.a(ErikaOS_1_ee_terminat.o)
 .debug_aranges
                0x00000798       0x20 .\CortexM3\ARM_GCC_541\Debug\erikaReactionGame.a(ErikaOS_1_cortex_mx_ee_utils.o)
 .debug_aranges
                0x000007b8       0x18 .\CortexM3\ARM_GCC_541\Debug\erikaReactionGame.a(ErikaOS_1_common_ee_hal_structs.o)
 .debug_aranges
                0x000007d0       0x18 .\CortexM3\ARM_GCC_541\Debug\erikaReactionGame.a(ErikaOS_1_eecfg.o)
 .debug_aranges
                0x000007e8       0x38 .\CortexM3\ARM_GCC_541\Debug\erikaReactionGame.a(Button_1.o)
 .debug_aranges
                0x00000820       0x38 .\CortexM3\ARM_GCC_541\Debug\erikaReactionGame.a(Button_2.o)
 .debug_aranges
                0x00000858       0x80 .\CortexM3\ARM_GCC_541\Debug\erikaReactionGame.a(isr_button.o)
 .debug_aranges
                0x000008d8       0xf0 .\CortexM3\ARM_GCC_541\Debug\erikaReactionGame.a(UART_LOG.o)
 .debug_aranges
                0x000009c8       0x70 .\CortexM3\ARM_GCC_541\Debug\erikaReactionGame.a(UART_LOG_IntClock.o)
 .debug_aranges
                0x00000a38       0x38 .\CortexM3\ARM_GCC_541\Debug\erikaReactionGame.a(Pin_A.o)
 .debug_aranges
                0x00000a70       0x38 .\CortexM3\ARM_GCC_541\Debug\erikaReactionGame.a(Pin_B.o)
 .debug_aranges
                0x00000aa8       0x38 .\CortexM3\ARM_GCC_541\Debug\erikaReactionGame.a(Pin_C.o)
 .debug_aranges
                0x00000ae0       0x38 .\CortexM3\ARM_GCC_541\Debug\erikaReactionGame.a(Pin_D.o)
 .debug_aranges
                0x00000b18       0x38 .\CortexM3\ARM_GCC_541\Debug\erikaReactionGame.a(Pin_E.o)
 .debug_aranges
                0x00000b50       0x38 .\CortexM3\ARM_GCC_541\Debug\erikaReactionGame.a(Pin_F.o)
 .debug_aranges
                0x00000b88       0x38 .\CortexM3\ARM_GCC_541\Debug\erikaReactionGame.a(Pin_G.o)
 .debug_aranges
                0x00000bc0       0x38 .\CortexM3\ARM_GCC_541\Debug\erikaReactionGame.a(Pin_DP.o)
 .debug_aranges
                0x00000bf8       0x38 .\CortexM3\ARM_GCC_541\Debug\erikaReactionGame.a(Pin_SelA.o)
 .debug_aranges
                0x00000c30       0x98 .\CortexM3\ARM_GCC_541\Debug\erikaReactionGame.a(RGB_PWM_Green.o)
 .debug_aranges
                0x00000cc8       0x98 .\CortexM3\ARM_GCC_541\Debug\erikaReactionGame.a(RGB_PWM_Yellow_1.o)
 .debug_aranges
                0x00000d60       0x98 .\CortexM3\ARM_GCC_541\Debug\erikaReactionGame.a(RGB_PWM_Red_1.o)
 .debug_aranges
                0x00000df8       0x98 .\CortexM3\ARM_GCC_541\Debug\erikaReactionGame.a(RGB_PWM_Green_1.o)
 .debug_aranges
                0x00000e90       0x98 .\CortexM3\ARM_GCC_541\Debug\erikaReactionGame.a(RGB_PWM_Red.o)
 .debug_aranges
                0x00000f28       0x38 .\CortexM3\ARM_GCC_541\Debug\erikaReactionGame.a(LED_green.o)
 .debug_aranges
                0x00000f60       0x38 .\CortexM3\ARM_GCC_541\Debug\erikaReactionGame.a(LED_Yellow.o)
 .debug_aranges
                0x00000f98       0x98 .\CortexM3\ARM_GCC_541\Debug\erikaReactionGame.a(RGB_PWM_Yellow.o)
 .debug_aranges
                0x00001030       0x38 .\CortexM3\ARM_GCC_541\Debug\erikaReactionGame.a(LED_red.o)
 .debug_aranges
                0x00001068       0x20 .\CortexM3\ARM_GCC_541\Debug\erikaReactionGame.a(CyBootAsmGnu.o)
 .debug_aranges
                0x00001088       0x20 .\CortexM3\ARM_GCC_541\Debug\erikaReactionGame.a(ErikaOS_1_ee_gnu_change_context_isr.o)
 .debug_aranges
                0x000010a8       0x20 .\CortexM3\ARM_GCC_541\Debug\erikaReactionGame.a(ErikaOS_1_ee_gnu_irq_stack.o)
 .debug_aranges
                0x000010c8       0x20 .\CortexM3\ARM_GCC_541\Debug\erikaReactionGame.a(ErikaOS_1_ee_gnu_multi_context.o)
 .debug_aranges
                0x000010e8       0x20 .\CortexM3\ARM_GCC_541\Debug\erikaReactionGame.a(ErikaOS_1_ee_gnu_oo.o)
 .debug_aranges
                0x00001108       0x88 .\CortexM3\ARM_GCC_541\Debug\erikaReactionGame.a(CyFlash.o)
 .debug_aranges
                0x00001190       0x80 .\CortexM3\ARM_GCC_541\Debug\erikaReactionGame.a(CySpc.o)
 .debug_aranges
                0x00001210       0x20 .\CortexM3\ARM_GCC_541\Debug\erikaReactionGame.a(ErikaOS_1_ee_tnterm.o)
 .debug_aranges
                0x00001230       0x20 .\CortexM3\ARM_GCC_541\Debug\erikaReactionGame.a(ErikaOS_1_ee_tstub.o)
 .debug_aranges
                0x00001250       0x28 .\CortexM3\ARM_GCC_541\Debug\erikaReactionGame.a(ErikaOS_1_cortex_mx_ee_context.o)
 .debug_aranges
                0x00001278       0x30 .\CortexM3\ARM_GCC_541\Debug\erikaReactionGame.a(ErikaOS_1_ee_thendin.o)

.debug_pubnames
 *(.debug_pubnames)

.debug_info     0x00000000    0x12ac3
 *(.debug_info .gnu.linkonce.wi.*)
 .debug_info    0x00000000      0x6c8 .\CortexM3\ARM_GCC_541\Debug\main.o
 .debug_info    0x000006c8      0xb88 .\CortexM3\ARM_GCC_541\Debug\control.o
 .debug_info    0x00001250      0x38b .\CortexM3\ARM_GCC_541\Debug\buttons.o
 .debug_info    0x000015db      0x6e1 .\CortexM3\ARM_GCC_541\Debug\game.o
 .debug_info    0x00001cbc      0x40c .\CortexM3\ARM_GCC_541\Debug\sevenSegment.o
 .debug_info    0x000020c8      0x6ab .\CortexM3\ARM_GCC_541\Debug\led.o
 .debug_info    0x00002773      0x5de .\CortexM3\ARM_GCC_541\Debug\cyfitter_cfg.o
 .debug_info    0x00002d51      0x139 .\CortexM3\ARM_GCC_541\Debug\cymetadata.o
 .debug_info    0x00002e8a      0x3bb .\CortexM3\ARM_GCC_541\Debug\Cm3Start.o
 .debug_info    0x00003245     0x1374 .\CortexM3\ARM_GCC_541\Debug\erikaReactionGame.a(CyLib.o)
 .debug_info    0x000045b9      0xa2a .\CortexM3\ARM_GCC_541\Debug\erikaReactionGame.a(cyPm.o)
 .debug_info    0x00004fe3      0x80d .\CortexM3\ARM_GCC_541\Debug\erikaReactionGame.a(ErikaOS_1_ee_activate.o)
 .debug_info    0x000057f0      0x5bd .\CortexM3\ARM_GCC_541\Debug\erikaReactionGame.a(ErikaOS_1_ee_alcancel.o)
 .debug_info    0x00005dad      0x5e5 .\CortexM3\ARM_GCC_541\Debug\erikaReactionGame.a(ErikaOS_1_ee_alsetrel.o)
 .debug_info    0x00006392      0xc3b .\CortexM3\ARM_GCC_541\Debug\erikaReactionGame.a(ErikaOS_1_ee_altick.o)
 .debug_info    0x00006fcd      0x5a7 .\CortexM3\ARM_GCC_541\Debug\erikaReactionGame.a(ErikaOS_1_ee_evclear.o)
 .debug_info    0x00007574      0x4ca .\CortexM3\ARM_GCC_541\Debug\erikaReactionGame.a(ErikaOS_1_ee_evget.o)
 .debug_info    0x00007a3e      0x7c3 .\CortexM3\ARM_GCC_541\Debug\erikaReactionGame.a(ErikaOS_1_ee_evset.o)
 .debug_info    0x00008201      0x84e .\CortexM3\ARM_GCC_541\Debug\erikaReactionGame.a(ErikaOS_1_ee_evwait.o)
 .debug_info    0x00008a4f      0x5cb .\CortexM3\ARM_GCC_541\Debug\erikaReactionGame.a(ErikaOS_1_ee_irqendin.o)
 .debug_info    0x0000901a      0x3d0 .\CortexM3\ARM_GCC_541\Debug\erikaReactionGame.a(ErikaOS_1_ee_lookup.o)
 .debug_info    0x000093ea      0x46f .\CortexM3\ARM_GCC_541\Debug\erikaReactionGame.a(ErikaOS_1_ee_rq_exchg.o)
 .debug_info    0x00009859      0x421 .\CortexM3\ARM_GCC_541\Debug\erikaReactionGame.a(ErikaOS_1_ee_rq_first.o)
 .debug_info    0x00009c7a      0x475 .\CortexM3\ARM_GCC_541\Debug\erikaReactionGame.a(ErikaOS_1_ee_rq_inser.o)
 .debug_info    0x0000a0ef     0x2040 .\CortexM3\ARM_GCC_541\Debug\erikaReactionGame.a(ErikaOS_1_ee_startos.o)
 .debug_info    0x0000c12f      0x589 .\CortexM3\ARM_GCC_541\Debug\erikaReactionGame.a(ErikaOS_1_ee_terminat.o)
 .debug_info    0x0000c6b8      0x513 .\CortexM3\ARM_GCC_541\Debug\erikaReactionGame.a(ErikaOS_1_cortex_mx_ee_utils.o)
 .debug_info    0x0000cbcb      0x3cb .\CortexM3\ARM_GCC_541\Debug\erikaReactionGame.a(ErikaOS_1_common_ee_hal_structs.o)
 .debug_info    0x0000cf96      0x8b7 .\CortexM3\ARM_GCC_541\Debug\erikaReactionGame.a(ErikaOS_1_eecfg.o)
 .debug_info    0x0000d84d      0x11f .\CortexM3\ARM_GCC_541\Debug\erikaReactionGame.a(Button_1.o)
 .debug_info    0x0000d96c      0x11f .\CortexM3\ARM_GCC_541\Debug\erikaReactionGame.a(Button_2.o)
 .debug_info    0x0000da8b      0x2d2 .\CortexM3\ARM_GCC_541\Debug\erikaReactionGame.a(isr_button.o)
 .debug_info    0x0000dd5d      0x60c .\CortexM3\ARM_GCC_541\Debug\erikaReactionGame.a(UART_LOG.o)
 .debug_info    0x0000e369      0x283 .\CortexM3\ARM_GCC_541\Debug\erikaReactionGame.a(UART_LOG_IntClock.o)
 .debug_info    0x0000e5ec      0x11f .\CortexM3\ARM_GCC_541\Debug\erikaReactionGame.a(Pin_A.o)
 .debug_info    0x0000e70b      0x11f .\CortexM3\ARM_GCC_541\Debug\erikaReactionGame.a(Pin_B.o)
 .debug_info    0x0000e82a      0x11f .\CortexM3\ARM_GCC_541\Debug\erikaReactionGame.a(Pin_C.o)
 .debug_info    0x0000e949      0x11f .\CortexM3\ARM_GCC_541\Debug\erikaReactionGame.a(Pin_D.o)
 .debug_info    0x0000ea68      0x11f .\CortexM3\ARM_GCC_541\Debug\erikaReactionGame.a(Pin_E.o)
 .debug_info    0x0000eb87      0x11f .\CortexM3\ARM_GCC_541\Debug\erikaReactionGame.a(Pin_F.o)
 .debug_info    0x0000eca6      0x11f .\CortexM3\ARM_GCC_541\Debug\erikaReactionGame.a(Pin_G.o)
 .debug_info    0x0000edc5      0x11f .\CortexM3\ARM_GCC_541\Debug\erikaReactionGame.a(Pin_DP.o)
 .debug_info    0x0000eee4      0x11f .\CortexM3\ARM_GCC_541\Debug\erikaReactionGame.a(Pin_SelA.o)
 .debug_info    0x0000f003      0x351 .\CortexM3\ARM_GCC_541\Debug\erikaReactionGame.a(RGB_PWM_Green.o)
 .debug_info    0x0000f354      0x351 .\CortexM3\ARM_GCC_541\Debug\erikaReactionGame.a(RGB_PWM_Yellow_1.o)
 .debug_info    0x0000f6a5      0x351 .\CortexM3\ARM_GCC_541\Debug\erikaReactionGame.a(RGB_PWM_Red_1.o)
 .debug_info    0x0000f9f6      0x351 .\CortexM3\ARM_GCC_541\Debug\erikaReactionGame.a(RGB_PWM_Green_1.o)
 .debug_info    0x0000fd47      0x351 .\CortexM3\ARM_GCC_541\Debug\erikaReactionGame.a(RGB_PWM_Red.o)
 .debug_info    0x00010098      0x11f .\CortexM3\ARM_GCC_541\Debug\erikaReactionGame.a(LED_green.o)
 .debug_info    0x000101b7      0x11f .\CortexM3\ARM_GCC_541\Debug\erikaReactionGame.a(LED_Yellow.o)
 .debug_info    0x000102d6      0x351 .\CortexM3\ARM_GCC_541\Debug\erikaReactionGame.a(RGB_PWM_Yellow.o)
 .debug_info    0x00010627      0x11f .\CortexM3\ARM_GCC_541\Debug\erikaReactionGame.a(LED_red.o)
 .debug_info    0x00010746       0x94 .\CortexM3\ARM_GCC_541\Debug\erikaReactionGame.a(CyBootAsmGnu.o)
 .debug_info    0x000107da       0xab .\CortexM3\ARM_GCC_541\Debug\erikaReactionGame.a(ErikaOS_1_ee_gnu_change_context_isr.o)
 .debug_info    0x00010885       0xa2 .\CortexM3\ARM_GCC_541\Debug\erikaReactionGame.a(ErikaOS_1_ee_gnu_irq_stack.o)
 .debug_info    0x00010927       0xa6 .\CortexM3\ARM_GCC_541\Debug\erikaReactionGame.a(ErikaOS_1_ee_gnu_multi_context.o)
 .debug_info    0x000109cd       0x9b .\CortexM3\ARM_GCC_541\Debug\erikaReactionGame.a(ErikaOS_1_ee_gnu_oo.o)
 .debug_info    0x00010a68      0x64d .\CortexM3\ARM_GCC_541\Debug\erikaReactionGame.a(CyFlash.o)
 .debug_info    0x000110b5      0x550 .\CortexM3\ARM_GCC_541\Debug\erikaReactionGame.a(CySpc.o)
 .debug_info    0x00011605      0x43d .\CortexM3\ARM_GCC_541\Debug\erikaReactionGame.a(ErikaOS_1_ee_tnterm.o)
 .debug_info    0x00011a42      0x487 .\CortexM3\ARM_GCC_541\Debug\erikaReactionGame.a(ErikaOS_1_ee_tstub.o)
 .debug_info    0x00011ec9      0x501 .\CortexM3\ARM_GCC_541\Debug\erikaReactionGame.a(ErikaOS_1_cortex_mx_ee_context.o)
 .debug_info    0x000123ca      0x6f9 .\CortexM3\ARM_GCC_541\Debug\erikaReactionGame.a(ErikaOS_1_ee_thendin.o)

.debug_abbrev   0x00000000     0x516e
 *(.debug_abbrev)
 .debug_abbrev  0x00000000      0x1e8 .\CortexM3\ARM_GCC_541\Debug\main.o
 .debug_abbrev  0x000001e8      0x1af .\CortexM3\ARM_GCC_541\Debug\control.o
 .debug_abbrev  0x00000397      0x155 .\CortexM3\ARM_GCC_541\Debug\buttons.o
 .debug_abbrev  0x000004ec      0x25c .\CortexM3\ARM_GCC_541\Debug\game.o
 .debug_abbrev  0x00000748      0x137 .\CortexM3\ARM_GCC_541\Debug\sevenSegment.o
 .debug_abbrev  0x0000087f      0x1b6 .\CortexM3\ARM_GCC_541\Debug\led.o
 .debug_abbrev  0x00000a35      0x20d .\CortexM3\ARM_GCC_541\Debug\cyfitter_cfg.o
 .debug_abbrev  0x00000c42       0x77 .\CortexM3\ARM_GCC_541\Debug\cymetadata.o
 .debug_abbrev  0x00000cb9      0x1e8 .\CortexM3\ARM_GCC_541\Debug\Cm3Start.o
 .debug_abbrev  0x00000ea1      0x254 .\CortexM3\ARM_GCC_541\Debug\erikaReactionGame.a(CyLib.o)
 .debug_abbrev  0x000010f5      0x1ab .\CortexM3\ARM_GCC_541\Debug\erikaReactionGame.a(cyPm.o)
 .debug_abbrev  0x000012a0      0x284 .\CortexM3\ARM_GCC_541\Debug\erikaReactionGame.a(ErikaOS_1_ee_activate.o)
 .debug_abbrev  0x00001524      0x1f8 .\CortexM3\ARM_GCC_541\Debug\erikaReactionGame.a(ErikaOS_1_ee_alcancel.o)
 .debug_abbrev  0x0000171c      0x1f7 .\CortexM3\ARM_GCC_541\Debug\erikaReactionGame.a(ErikaOS_1_ee_alsetrel.o)
 .debug_abbrev  0x00001913      0x362 .\CortexM3\ARM_GCC_541\Debug\erikaReactionGame.a(ErikaOS_1_ee_altick.o)
 .debug_abbrev  0x00001c75      0x1e0 .\CortexM3\ARM_GCC_541\Debug\erikaReactionGame.a(ErikaOS_1_ee_evclear.o)
 .debug_abbrev  0x00001e55      0x150 .\CortexM3\ARM_GCC_541\Debug\erikaReactionGame.a(ErikaOS_1_ee_evget.o)
 .debug_abbrev  0x00001fa5      0x27f .\CortexM3\ARM_GCC_541\Debug\erikaReactionGame.a(ErikaOS_1_ee_evset.o)
 .debug_abbrev  0x00002224      0x25d .\CortexM3\ARM_GCC_541\Debug\erikaReactionGame.a(ErikaOS_1_ee_evwait.o)
 .debug_abbrev  0x00002481      0x1da .\CortexM3\ARM_GCC_541\Debug\erikaReactionGame.a(ErikaOS_1_ee_irqendin.o)
 .debug_abbrev  0x0000265b       0xcf .\CortexM3\ARM_GCC_541\Debug\erikaReactionGame.a(ErikaOS_1_ee_lookup.o)
 .debug_abbrev  0x0000272a       0xfc .\CortexM3\ARM_GCC_541\Debug\erikaReactionGame.a(ErikaOS_1_ee_rq_exchg.o)
 .debug_abbrev  0x00002826       0xed .\CortexM3\ARM_GCC_541\Debug\erikaReactionGame.a(ErikaOS_1_ee_rq_first.o)
 .debug_abbrev  0x00002913      0x109 .\CortexM3\ARM_GCC_541\Debug\erikaReactionGame.a(ErikaOS_1_ee_rq_inser.o)
 .debug_abbrev  0x00002a1c      0x4a7 .\CortexM3\ARM_GCC_541\Debug\erikaReactionGame.a(ErikaOS_1_ee_startos.o)
 .debug_abbrev  0x00002ec3      0x1de .\CortexM3\ARM_GCC_541\Debug\erikaReactionGame.a(ErikaOS_1_ee_terminat.o)
 .debug_abbrev  0x000030a1      0x1e3 .\CortexM3\ARM_GCC_541\Debug\erikaReactionGame.a(ErikaOS_1_cortex_mx_ee_utils.o)
 .debug_abbrev  0x00003284       0xcf .\CortexM3\ARM_GCC_541\Debug\erikaReactionGame.a(ErikaOS_1_common_ee_hal_structs.o)
 .debug_abbrev  0x00003353      0x130 .\CortexM3\ARM_GCC_541\Debug\erikaReactionGame.a(ErikaOS_1_eecfg.o)
 .debug_abbrev  0x00003483       0x90 .\CortexM3\ARM_GCC_541\Debug\erikaReactionGame.a(Button_1.o)
 .debug_abbrev  0x00003513       0x90 .\CortexM3\ARM_GCC_541\Debug\erikaReactionGame.a(Button_2.o)
 .debug_abbrev  0x000035a3      0x173 .\CortexM3\ARM_GCC_541\Debug\erikaReactionGame.a(isr_button.o)
 .debug_abbrev  0x00003716      0x175 .\CortexM3\ARM_GCC_541\Debug\erikaReactionGame.a(UART_LOG.o)
 .debug_abbrev  0x0000388b      0x139 .\CortexM3\ARM_GCC_541\Debug\erikaReactionGame.a(UART_LOG_IntClock.o)
 .debug_abbrev  0x000039c4       0x90 .\CortexM3\ARM_GCC_541\Debug\erikaReactionGame.a(Pin_A.o)
 .debug_abbrev  0x00003a54       0x90 .\CortexM3\ARM_GCC_541\Debug\erikaReactionGame.a(Pin_B.o)
 .debug_abbrev  0x00003ae4       0x90 .\CortexM3\ARM_GCC_541\Debug\erikaReactionGame.a(Pin_C.o)
 .debug_abbrev  0x00003b74       0x90 .\CortexM3\ARM_GCC_541\Debug\erikaReactionGame.a(Pin_D.o)
 .debug_abbrev  0x00003c04       0x90 .\CortexM3\ARM_GCC_541\Debug\erikaReactionGame.a(Pin_E.o)
 .debug_abbrev  0x00003c94       0x90 .\CortexM3\ARM_GCC_541\Debug\erikaReactionGame.a(Pin_F.o)
 .debug_abbrev  0x00003d24       0x90 .\CortexM3\ARM_GCC_541\Debug\erikaReactionGame.a(Pin_G.o)
 .debug_abbrev  0x00003db4       0x90 .\CortexM3\ARM_GCC_541\Debug\erikaReactionGame.a(Pin_DP.o)
 .debug_abbrev  0x00003e44       0x90 .\CortexM3\ARM_GCC_541\Debug\erikaReactionGame.a(Pin_SelA.o)
 .debug_abbrev  0x00003ed4      0x133 .\CortexM3\ARM_GCC_541\Debug\erikaReactionGame.a(RGB_PWM_Green.o)
 .debug_abbrev  0x00004007      0x133 .\CortexM3\ARM_GCC_541\Debug\erikaReactionGame.a(RGB_PWM_Yellow_1.o)
 .debug_abbrev  0x0000413a      0x133 .\CortexM3\ARM_GCC_541\Debug\erikaReactionGame.a(RGB_PWM_Red_1.o)
 .debug_abbrev  0x0000426d      0x133 .\CortexM3\ARM_GCC_541\Debug\erikaReactionGame.a(RGB_PWM_Green_1.o)
 .debug_abbrev  0x000043a0      0x133 .\CortexM3\ARM_GCC_541\Debug\erikaReactionGame.a(RGB_PWM_Red.o)
 .debug_abbrev  0x000044d3       0x90 .\CortexM3\ARM_GCC_541\Debug\erikaReactionGame.a(LED_green.o)
 .debug_abbrev  0x00004563       0x90 .\CortexM3\ARM_GCC_541\Debug\erikaReactionGame.a(LED_Yellow.o)
 .debug_abbrev  0x000045f3      0x133 .\CortexM3\ARM_GCC_541\Debug\erikaReactionGame.a(RGB_PWM_Yellow.o)
 .debug_abbrev  0x00004726       0x90 .\CortexM3\ARM_GCC_541\Debug\erikaReactionGame.a(LED_red.o)
 .debug_abbrev  0x000047b6       0x14 .\CortexM3\ARM_GCC_541\Debug\erikaReactionGame.a(CyBootAsmGnu.o)
 .debug_abbrev  0x000047ca       0x14 .\CortexM3\ARM_GCC_541\Debug\erikaReactionGame.a(ErikaOS_1_ee_gnu_change_context_isr.o)
 .debug_abbrev  0x000047de       0x14 .\CortexM3\ARM_GCC_541\Debug\erikaReactionGame.a(ErikaOS_1_ee_gnu_irq_stack.o)
 .debug_abbrev  0x000047f2       0x14 .\CortexM3\ARM_GCC_541\Debug\erikaReactionGame.a(ErikaOS_1_ee_gnu_multi_context.o)
 .debug_abbrev  0x00004806       0x14 .\CortexM3\ARM_GCC_541\Debug\erikaReactionGame.a(ErikaOS_1_ee_gnu_oo.o)
 .debug_abbrev  0x0000481a      0x1a7 .\CortexM3\ARM_GCC_541\Debug\erikaReactionGame.a(CyFlash.o)
 .debug_abbrev  0x000049c1      0x194 .\CortexM3\ARM_GCC_541\Debug\erikaReactionGame.a(CySpc.o)
 .debug_abbrev  0x00004b55      0x157 .\CortexM3\ARM_GCC_541\Debug\erikaReactionGame.a(ErikaOS_1_ee_tnterm.o)
 .debug_abbrev  0x00004cac      0x143 .\CortexM3\ARM_GCC_541\Debug\erikaReactionGame.a(ErikaOS_1_ee_tstub.o)
 .debug_abbrev  0x00004def      0x156 .\CortexM3\ARM_GCC_541\Debug\erikaReactionGame.a(ErikaOS_1_cortex_mx_ee_context.o)
 .debug_abbrev  0x00004f45      0x229 .\CortexM3\ARM_GCC_541\Debug\erikaReactionGame.a(ErikaOS_1_ee_thendin.o)

.debug_line     0x00000000     0x6cb1
 *(.debug_line)
 .debug_line    0x00000000      0x48e .\CortexM3\ARM_GCC_541\Debug\main.o
 .debug_line    0x0000048e      0x3e8 .\CortexM3\ARM_GCC_541\Debug\control.o
 .debug_line    0x00000876      0x30b .\CortexM3\ARM_GCC_541\Debug\buttons.o
 .debug_line    0x00000b81      0x4b4 .\CortexM3\ARM_GCC_541\Debug\game.o
 .debug_line    0x00001035      0x2ca .\CortexM3\ARM_GCC_541\Debug\sevenSegment.o
 .debug_line    0x000012ff      0x444 .\CortexM3\ARM_GCC_541\Debug\led.o
 .debug_line    0x00001743      0x1f8 .\CortexM3\ARM_GCC_541\Debug\cyfitter_cfg.o
 .debug_line    0x0000193b      0x141 .\CortexM3\ARM_GCC_541\Debug\cymetadata.o
 .debug_line    0x00001a7c      0x234 .\CortexM3\ARM_GCC_541\Debug\Cm3Start.o
 .debug_line    0x00001cb0      0x816 .\CortexM3\ARM_GCC_541\Debug\erikaReactionGame.a(CyLib.o)
 .debug_line    0x000024c6      0x367 .\CortexM3\ARM_GCC_541\Debug\erikaReactionGame.a(cyPm.o)
 .debug_line    0x0000282d      0x1fa .\CortexM3\ARM_GCC_541\Debug\erikaReactionGame.a(ErikaOS_1_ee_activate.o)
 .debug_line    0x00002a27      0x1d3 .\CortexM3\ARM_GCC_541\Debug\erikaReactionGame.a(ErikaOS_1_ee_alcancel.o)
 .debug_line    0x00002bfa      0x1d1 .\CortexM3\ARM_GCC_541\Debug\erikaReactionGame.a(ErikaOS_1_ee_alsetrel.o)
 .debug_line    0x00002dcb      0x305 .\CortexM3\ARM_GCC_541\Debug\erikaReactionGame.a(ErikaOS_1_ee_altick.o)
 .debug_line    0x000030d0      0x1d5 .\CortexM3\ARM_GCC_541\Debug\erikaReactionGame.a(ErikaOS_1_ee_evclear.o)
 .debug_line    0x000032a5      0x15b .\CortexM3\ARM_GCC_541\Debug\erikaReactionGame.a(ErikaOS_1_ee_evget.o)
 .debug_line    0x00003400      0x1f7 .\CortexM3\ARM_GCC_541\Debug\erikaReactionGame.a(ErikaOS_1_ee_evset.o)
 .debug_line    0x000035f7      0x203 .\CortexM3\ARM_GCC_541\Debug\erikaReactionGame.a(ErikaOS_1_ee_evwait.o)
 .debug_line    0x000037fa      0x1a0 .\CortexM3\ARM_GCC_541\Debug\erikaReactionGame.a(ErikaOS_1_ee_irqendin.o)
 .debug_line    0x0000399a      0x119 .\CortexM3\ARM_GCC_541\Debug\erikaReactionGame.a(ErikaOS_1_ee_lookup.o)
 .debug_line    0x00003ab3      0x15b .\CortexM3\ARM_GCC_541\Debug\erikaReactionGame.a(ErikaOS_1_ee_rq_exchg.o)
 .debug_line    0x00003c0e      0x152 .\CortexM3\ARM_GCC_541\Debug\erikaReactionGame.a(ErikaOS_1_ee_rq_first.o)
 .debug_line    0x00003d60      0x156 .\CortexM3\ARM_GCC_541\Debug\erikaReactionGame.a(ErikaOS_1_ee_rq_inser.o)
 .debug_line    0x00003eb6      0x3fa .\CortexM3\ARM_GCC_541\Debug\erikaReactionGame.a(ErikaOS_1_ee_startos.o)
 .debug_line    0x000042b0      0x1c0 .\CortexM3\ARM_GCC_541\Debug\erikaReactionGame.a(ErikaOS_1_ee_terminat.o)
 .debug_line    0x00004470      0x184 .\CortexM3\ARM_GCC_541\Debug\erikaReactionGame.a(ErikaOS_1_cortex_mx_ee_utils.o)
 .debug_line    0x000045f4       0xf9 .\CortexM3\ARM_GCC_541\Debug\erikaReactionGame.a(ErikaOS_1_common_ee_hal_structs.o)
 .debug_line    0x000046ed      0x13c .\CortexM3\ARM_GCC_541\Debug\erikaReactionGame.a(ErikaOS_1_eecfg.o)
 .debug_line    0x00004829       0x95 .\CortexM3\ARM_GCC_541\Debug\erikaReactionGame.a(Button_1.o)
 .debug_line    0x000048be       0x95 .\CortexM3\ARM_GCC_541\Debug\erikaReactionGame.a(Button_2.o)
 .debug_line    0x00004953      0x137 .\CortexM3\ARM_GCC_541\Debug\erikaReactionGame.a(isr_button.o)
 .debug_line    0x00004a8a      0x2c4 .\CortexM3\ARM_GCC_541\Debug\erikaReactionGame.a(UART_LOG.o)
 .debug_line    0x00004d4e      0x180 .\CortexM3\ARM_GCC_541\Debug\erikaReactionGame.a(UART_LOG_IntClock.o)
 .debug_line    0x00004ece       0x92 .\CortexM3\ARM_GCC_541\Debug\erikaReactionGame.a(Pin_A.o)
 .debug_line    0x00004f60       0x92 .\CortexM3\ARM_GCC_541\Debug\erikaReactionGame.a(Pin_B.o)
 .debug_line    0x00004ff2       0x92 .\CortexM3\ARM_GCC_541\Debug\erikaReactionGame.a(Pin_C.o)
 .debug_line    0x00005084       0x92 .\CortexM3\ARM_GCC_541\Debug\erikaReactionGame.a(Pin_D.o)
 .debug_line    0x00005116       0x92 .\CortexM3\ARM_GCC_541\Debug\erikaReactionGame.a(Pin_E.o)
 .debug_line    0x000051a8       0x92 .\CortexM3\ARM_GCC_541\Debug\erikaReactionGame.a(Pin_F.o)
 .debug_line    0x0000523a       0x92 .\CortexM3\ARM_GCC_541\Debug\erikaReactionGame.a(Pin_G.o)
 .debug_line    0x000052cc       0x93 .\CortexM3\ARM_GCC_541\Debug\erikaReactionGame.a(Pin_DP.o)
 .debug_line    0x0000535f       0x95 .\CortexM3\ARM_GCC_541\Debug\erikaReactionGame.a(Pin_SelA.o)
 .debug_line    0x000053f4      0x190 .\CortexM3\ARM_GCC_541\Debug\erikaReactionGame.a(RGB_PWM_Green.o)
 .debug_line    0x00005584      0x193 .\CortexM3\ARM_GCC_541\Debug\erikaReactionGame.a(RGB_PWM_Yellow_1.o)
 .debug_line    0x00005717      0x190 .\CortexM3\ARM_GCC_541\Debug\erikaReactionGame.a(RGB_PWM_Red_1.o)
 .debug_line    0x000058a7      0x192 .\CortexM3\ARM_GCC_541\Debug\erikaReactionGame.a(RGB_PWM_Green_1.o)
 .debug_line    0x00005a39      0x18e .\CortexM3\ARM_GCC_541\Debug\erikaReactionGame.a(RGB_PWM_Red.o)
 .debug_line    0x00005bc7       0x96 .\CortexM3\ARM_GCC_541\Debug\erikaReactionGame.a(LED_green.o)
 .debug_line    0x00005c5d       0x97 .\CortexM3\ARM_GCC_541\Debug\erikaReactionGame.a(LED_Yellow.o)
 .debug_line    0x00005cf4      0x191 .\CortexM3\ARM_GCC_541\Debug\erikaReactionGame.a(RGB_PWM_Yellow.o)
 .debug_line    0x00005e85       0x94 .\CortexM3\ARM_GCC_541\Debug\erikaReactionGame.a(LED_red.o)
 .debug_line    0x00005f19       0x66 .\CortexM3\ARM_GCC_541\Debug\erikaReactionGame.a(CyBootAsmGnu.o)
 .debug_line    0x00005f7f       0xae .\CortexM3\ARM_GCC_541\Debug\erikaReactionGame.a(ErikaOS_1_ee_gnu_change_context_isr.o)
 .debug_line    0x0000602d       0x74 .\CortexM3\ARM_GCC_541\Debug\erikaReactionGame.a(ErikaOS_1_ee_gnu_irq_stack.o)
 .debug_line    0x000060a1       0x9d .\CortexM3\ARM_GCC_541\Debug\erikaReactionGame.a(ErikaOS_1_ee_gnu_multi_context.o)
 .debug_line    0x0000613e       0x99 .\CortexM3\ARM_GCC_541\Debug\erikaReactionGame.a(ErikaOS_1_ee_gnu_oo.o)
 .debug_line    0x000061d7      0x21a .\CortexM3\ARM_GCC_541\Debug\erikaReactionGame.a(CyFlash.o)
 .debug_line    0x000063f1      0x260 .\CortexM3\ARM_GCC_541\Debug\erikaReactionGame.a(CySpc.o)
 .debug_line    0x00006651      0x17b .\CortexM3\ARM_GCC_541\Debug\erikaReactionGame.a(ErikaOS_1_ee_tnterm.o)
 .debug_line    0x000067cc      0x172 .\CortexM3\ARM_GCC_541\Debug\erikaReactionGame.a(ErikaOS_1_ee_tstub.o)
 .debug_line    0x0000693e      0x1ac .\CortexM3\ARM_GCC_541\Debug\erikaReactionGame.a(ErikaOS_1_cortex_mx_ee_context.o)
 .debug_line    0x00006aea      0x1c7 .\CortexM3\ARM_GCC_541\Debug\erikaReactionGame.a(ErikaOS_1_ee_thendin.o)

.debug_frame    0x00000000     0x2b10
 *(.debug_frame)
 .debug_frame   0x00000000      0x110 .\CortexM3\ARM_GCC_541\Debug\main.o
 .debug_frame   0x00000110       0x98 .\CortexM3\ARM_GCC_541\Debug\control.o
 .debug_frame   0x000001a8       0x48 .\CortexM3\ARM_GCC_541\Debug\buttons.o
 .debug_frame   0x000001f0       0x8c .\CortexM3\ARM_GCC_541\Debug\game.o
 .debug_frame   0x0000027c       0x48 .\CortexM3\ARM_GCC_541\Debug\sevenSegment.o
 .debug_frame   0x000002c4       0xac .\CortexM3\ARM_GCC_541\Debug\led.o
 .debug_frame   0x00000370       0xe4 .\CortexM3\ARM_GCC_541\Debug\cyfitter_cfg.o
 .debug_frame   0x00000454       0xb8 .\CortexM3\ARM_GCC_541\Debug\Cm3Start.o
 .debug_frame   0x0000050c      0x738 .\CortexM3\ARM_GCC_541\Debug\erikaReactionGame.a(CyLib.o)
 .debug_frame   0x00000c44      0x1f8 .\CortexM3\ARM_GCC_541\Debug\erikaReactionGame.a(cyPm.o)
 .debug_frame   0x00000e3c       0x30 .\CortexM3\ARM_GCC_541\Debug\erikaReactionGame.a(ErikaOS_1_ee_activate.o)
 .debug_frame   0x00000e6c       0x38 .\CortexM3\ARM_GCC_541\Debug\erikaReactionGame.a(ErikaOS_1_ee_alcancel.o)
 .debug_frame   0x00000ea4       0x38 .\CortexM3\ARM_GCC_541\Debug\erikaReactionGame.a(ErikaOS_1_ee_alsetrel.o)
 .debug_frame   0x00000edc      0x10c .\CortexM3\ARM_GCC_541\Debug\erikaReactionGame.a(ErikaOS_1_ee_altick.o)
 .debug_frame   0x00000fe8       0x38 .\CortexM3\ARM_GCC_541\Debug\erikaReactionGame.a(ErikaOS_1_ee_evclear.o)